Component: ARM Compiler 5.06 update 5 (build 528) Tool: armlink [4d35e2]

==============================================================================

Section Cross References

    startup_stm32f427xx.o(RESET) refers to startup_stm32f427xx.o(STACK) for __initial_sp
    startup_stm32f427xx.o(RESET) refers to startup_stm32f427xx.o(.text) for Reset_Handler
    startup_stm32f427xx.o(RESET) refers to stm32f4xx_it.o(i.NMI_Handler) for NMI_Handler
    startup_stm32f427xx.o(RESET) refers to stm32f4xx_it.o(i.HardFault_Handler) for HardFault_Handler
    startup_stm32f427xx.o(RESET) refers to stm32f4xx_it.o(i.MemManage_Handler) for MemManage_Handler
    startup_stm32f427xx.o(RESET) refers to stm32f4xx_it.o(i.BusFault_Handler) for BusFault_Handler
    startup_stm32f427xx.o(RESET) refers to stm32f4xx_it.o(i.UsageFault_Handler) for UsageFault_Handler
    startup_stm32f427xx.o(RESET) refers to port.o(.emb_text) for SVC_Handler
    startup_stm32f427xx.o(RESET) refers to stm32f4xx_it.o(i.DebugMon_Handler) for DebugMon_Handler
    startup_stm32f427xx.o(RESET) refers to port.o(i.SysTick_Handler) for SysTick_Handler
    startup_stm32f427xx.o(RESET) refers to stm32f4xx_it.o(i.DMA1_Stream1_IRQHandler) for DMA1_Stream1_IRQHandler
    startup_stm32f427xx.o(RESET) refers to stm32f4xx_it.o(i.DMA1_Stream3_IRQHandler) for DMA1_Stream3_IRQHandler
    startup_stm32f427xx.o(RESET) refers to stm32f4xx_it.o(i.DMA1_Stream6_IRQHandler) for DMA1_Stream6_IRQHandler
    startup_stm32f427xx.o(RESET) refers to stm32f4xx_it.o(i.CAN1_RX0_IRQHandler) for CAN1_RX0_IRQHandler
    startup_stm32f427xx.o(RESET) refers to stm32f4xx_it.o(i.TIM2_IRQHandler) for TIM2_IRQHandler
    startup_stm32f427xx.o(RESET) refers to stm32f4xx_it.o(i.USART1_IRQHandler) for USART1_IRQHandler
    startup_stm32f427xx.o(RESET) refers to stm32f4xx_it.o(i.USART3_IRQHandler) for USART3_IRQHandler
    startup_stm32f427xx.o(RESET) refers to stm32f4xx_it.o(i.DMA2_Stream1_IRQHandler) for DMA2_Stream1_IRQHandler
    startup_stm32f427xx.o(RESET) refers to stm32f4xx_it.o(i.DMA2_Stream2_IRQHandler) for DMA2_Stream2_IRQHandler
    startup_stm32f427xx.o(RESET) refers to stm32f4xx_it.o(i.USART6_IRQHandler) for USART6_IRQHandler
    startup_stm32f427xx.o(RESET) refers to stm32f4xx_it.o(i.UART7_IRQHandler) for UART7_IRQHandler
    startup_stm32f427xx.o(RESET) refers to stm32f4xx_it.o(i.UART8_IRQHandler) for UART8_IRQHandler
    startup_stm32f427xx.o(.text) refers to system_stm32f4xx.o(i.SystemInit) for SystemInit
    startup_stm32f427xx.o(.text) refers to entry.o(.ARM.Collect$$$$00000000) for __main
    task_init.o(i.CanInit) refers to stm32f4xx_hal_can.o(i.HAL_CAN_ConfigFilter) for HAL_CAN_ConfigFilter
    task_init.o(i.CanInit) refers to stm32f4xx_hal_can.o(i.HAL_CAN_Start) for HAL_CAN_Start
    task_init.o(i.CanInit) refers to stm32f4xx_hal_can.o(i.HAL_CAN_ActivateNotification) for HAL_CAN_ActivateNotification
    task_init.o(i.CanInit) refers to can.o(.bss) for hcan1
    task_init.o(i.DMAInit) refers to stm32f4xx_hal_dma_ex.o(i.HAL_DMAEx_MultiBufferStart) for HAL_DMAEx_MultiBufferStart
    task_init.o(i.DMAInit) refers to stm32f4xx_hal_dma.o(i.HAL_DMA_Start_IT) for HAL_DMA_Start_IT
    task_init.o(i.DMAInit) refers to usart.o(.bss) for huart1
    task_init.o(i.DMAInit) refers to sys_def.o(.bss) for RCBuffer
    task_init.o(i.Task_Init_Config) refers to port.o(i.vPortEnterCritical) for vPortEnterCritical
    task_init.o(i.Task_Init_Config) refers to task_init.o(i.CanInit) for CanInit
    task_init.o(i.Task_Init_Config) refers to task_init.o(i.DMAInit) for DMAInit
    task_init.o(i.Task_Init_Config) refers to task_init.o(i.TIMInit) for TIMInit
    task_init.o(i.Task_Init_Config) refers to func_imu_ob.o(i.mpu_device_init) for mpu_device_init
    task_init.o(i.Task_Init_Config) refers to func_imu_ob.o(i.init_quaternion) for init_quaternion
    task_init.o(i.Task_Init_Config) refers to stm32f4xx_hal_tim.o(i.HAL_TIM_PWM_Start) for HAL_TIM_PWM_Start
    task_init.o(i.Task_Init_Config) refers to queue.o(i.xQueueGenericCreate) for xQueueGenericCreate
    task_init.o(i.Task_Init_Config) refers to tasks.o(i.xTaskCreate) for xTaskCreate
    task_init.o(i.Task_Init_Config) refers to tasks.o(i.vTaskDelete) for vTaskDelete
    task_init.o(i.Task_Init_Config) refers to port.o(i.vPortExitCritical) for vPortExitCritical
    task_init.o(i.Task_Init_Config) refers to tim.o(.bss) for htim3
    task_init.o(i.Task_Init_Config) refers to system.o(.data) for Queue_CANSend
    task_init.o(i.Task_Init_Config) refers to task_init.o(.data) for TaskProtect_Handle
    task_init.o(i.Task_Init_Config) refers to task_protect.o(i.Task_Protect) for Task_Protect
    task_init.o(i.Task_Init_Config) refers to task_cancomm.o(i.Task_CanComm) for Task_CanComm
    task_init.o(i.Task_Init_Config) refers to task_position.o(i.Task_Position) for Task_Position
    task_init.o(i.Task_Init_Config) refers to task_judge.o(i.Task_Judge) for Task_Judge
[...]
    TIM8_UP_TIM13_IRQHandler                 0x0800029b   Thumb Code     0  startup_stm32f427xx.o(.text)
    UART4_IRQHandler                         0x0800029b   Thumb Code     0  startup_stm32f427xx.o(.text)
    UART5_IRQHandler                         0x0800029b   Thumb Code     0  startup_stm32f427xx.o(.text)
    USART2_IRQHandler                        0x0800029b   Thumb Code     0  startup_stm32f427xx.o(.text)
    WWDG_IRQHandler                          0x0800029b   Thumb Code     0  startup_stm32f427xx.o(.text)
    __aeabi_uldivmod                         0x080002a5   Thumb Code    98  uldiv.o(.text)
    __aeabi_memcpy                           0x08000307   Thumb Code    36  memcpya.o(.text)
    __aeabi_memcpy4                          0x08000307   Thumb Code     0  memcpya.o(.text)
    __aeabi_memcpy8                          0x08000307   Thumb Code     0  memcpya.o(.text)
    __aeabi_memset                           0x0800032b   Thumb Code    14  memseta.o(.text)
    __aeabi_memset4                          0x0800032b   Thumb Code     0  memseta.o(.text)
    __aeabi_memset8                          0x0800032b   Thumb Code     0  memseta.o(.text)
    __aeabi_memclr                           0x08000339   Thumb Code     4  memseta.o(.text)
    __aeabi_memclr4                          0x08000339   Thumb Code     0  memseta.o(.text)
    __aeabi_memclr8                          0x08000339   Thumb Code     0  memseta.o(.text)
    memset                                   0x0800033d   Thumb Code    18  memseta.o(.text)
    __aeabi_dadd                             0x0800034f   Thumb Code   322  dadd.o(.text)
    __aeabi_dsub                             0x08000491   Thumb Code     6  dadd.o(.text)
    __aeabi_drsub                            0x08000497   Thumb Code     6  dadd.o(.text)
    __aeabi_dmul                             0x0800049d   Thumb Code   228  dmul.o(.text)
    __aeabi_ddiv                             0x08000581   Thumb Code   222  ddiv.o(.text)
    __aeabi_i2d                              0x0800065f   Thumb Code    34  dflti.o(.text)
    __aeabi_f2d                              0x08000681   Thumb Code    38  f2d.o(.text)
    __aeabi_cdcmpeq                          0x080006a9   Thumb Code     0  cdcmple.o(.text)
    __aeabi_cdcmple                          0x080006a9   Thumb Code    48  cdcmple.o(.text)
    __aeabi_cdrcmple                         0x080006d9   Thumb Code    48  cdrcmple.o(.text)
    __aeabi_d2f                              0x08000709   Thumb Code    56  d2f.o(.text)
    __aeabi_llsl                             0x08000741   Thumb Code    30  llshl.o(.text)
    _ll_shift_l                              0x08000741   Thumb Code     0  llshl.o(.text)
    __aeabi_llsr                             0x0800075f   Thumb Code    32  llushr.o(.text)
    _ll_ushift_r                             0x0800075f   Thumb Code     0  llushr.o(.text)
    __aeabi_lasr                             0x0800077f   Thumb Code    36  llsshr.o(.text)
    _ll_sshift_r                             0x0800077f   Thumb Code     0  llsshr.o(.text)
    __I$use$fp                               0x080007a3   Thumb Code     0  iusefp.o(.text)
    _float_round                             0x080007a3   Thumb Code    18  fepilogue.o(.text)
    _float_epilogue                          0x080007b5   Thumb Code    92  fepilogue.o(.text)
    _double_round                            0x08000811   Thumb Code    30  depilogue.o(.text)
    _double_epilogue                         0x0800082f   Thumb Code   156  depilogue.o(.text)
    _dsqrt                                   0x080008cb   Thumb Code   162  dsqrt.o(.text)
    __scatterload                            0x0800096d   Thumb Code    28  init.o(.text)
    __scatterload_rt2                        0x0800096d   Thumb Code     0  init.o(.text)
    __decompress                             0x08000991   Thumb Code     0  __dczerorl.o(.text)
    __decompress0                            0x08000991   Thumb Code    58  __dczerorl.o(.text)
    Append_CRC16_Check_Sum                   0x080009cd   Thumb Code    44  task_judge.o(i.Append_CRC16_Check_Sum)
    Append_CRC8_Check_Sum                    0x080009fd   Thumb Code    36  task_judge.o(i.Append_CRC8_Check_Sum)
    BusFault_Handler                         0x08000a21   Thumb Code     4  stm32f4xx_it.o(i.BusFault_Handler)
    CAN1_RX0_IRQHandler                      0x08000a25   Thumb Code    10  stm32f4xx_it.o(i.CAN1_RX0_IRQHandler)
    CanInit                                  0x08000a35   Thumb Code    66  task_init.o(i.CanInit)
    DMA1_Stream1_IRQHandler                  0x08000a7d   Thumb Code    10  stm32f4xx_it.o(i.DMA1_Stream1_IRQHandler)
    DMA1_Stream3_IRQHandler                  0x08000a8d   Thumb Code    10  stm32f4xx_it.o(i.DMA1_Stream3_IRQHandler)
    DMA1_Stream6_IRQHandler                  0x08000a9d   Thumb Code    10  stm32f4xx_it.o(i.DMA1_Stream6_IRQHandler)
    DMA2_Stream1_IRQHandler                  0x08000aad   Thumb Code    10  stm32f4xx_it.o(i.DMA2_Stream1_IRQHandler)
    DMA2_Stream2_IRQHandler                  0x08000abd   Thumb Code    10  stm32f4xx_it.o(i.DMA2_Stream2_IRQHandler)
    DMAInit                                  0x08000acd   Thumb Code   218  task_init.o(i.DMAInit)
    DebugMon_Handler                         0x08000cf3   Thumb Code     2  stm32f4xx_it.o(i.DebugMon_Handler)
    Error_Handler                            0x08000cf5   Thumb Code     2  main.o(i.Error_Handler)
    FrameUpdata                              0x08000cf9   Thumb Code  1072  task_ui.o(i.FrameUpdata)
    Get_CRC16_Check_Sum                      0x08001129   Thumb Code    46  task_judge.o(i.Get_CRC16_Check_Sum)
    Get_CRC8_Check_Sum                       0x0800115d   Thumb Code    30  task_judge.o(i.Get_CRC8_Check_Sum)
    Get_Channel_Val                          0x08001181   Thumb Code   160  task_rc.o(i.Get_Channel_Val)
    Get_Mouse_Pressed                        0x08001221   Thumb Code    24  task_rc.o(i.Get_Mouse_Pressed)
    Get_Mouse_Speed                          0x08001239   Thumb Code    36  task_rc.o(i.Get_Mouse_Speed)
    Get_Shoot_Status                         0x0800125d   Thumb Code    46  task_ui.o(i.Get_Shoot_Status)
    Get_Switch_Val                           0x080012c5   Thumb Code    22  task_rc.o(i.Get_Switch_Val)
    Gimbal_Control                           0x080012dd   Thumb Code   660  task_gimbal.o(i.Gimbal_Control)
    Gimbal_Init                              0x080015b1   Thumb Code   454  task_gimbal.o(i.Gimbal_Init)
    Gimbal_PositionSet                       0x080017a1   Thumb Code   214  task_position.o(i.Gimbal_PositionSet)
    Gimbal_SetPosition                       0x08001899   Thumb Code    96  task_gimbal.o(i.Gimbal_SetPosition)
    Gimbal_StartMove                         0x0800190d   Thumb Code   250  task_gimbal.o(i.Gimbal_StartMove)
    HAL_CAN_ActivateNotification             0x08001a19   Thumb Code    42  stm32f4xx_hal_can.o(i.HAL_CAN_ActivateNotification)
    HAL_CAN_AddTxMessage                     0x08001a43   Thumb Code   342  stm32f4xx_hal_can.o(i.HAL_CAN_AddTxMessage)
    HAL_CAN_ConfigFilter                     0x08001b99   Thumb Code   286  stm32f4xx_hal_can.o(i.HAL_CAN_ConfigFilter)
    HAL_CAN_ErrorCallback                    0x08001cbd   Thumb Code     2  stm32f4xx_hal_can.o(i.HAL_CAN_ErrorCallback)
    HAL_CAN_GetRxMessage                     0x08001cbf   Thumb Code   380  stm32f4xx_hal_can.o(i.HAL_CAN_GetRxMessage)
    HAL_CAN_IRQHandler                       0x08001e3b   Thumb Code   590  stm32f4xx_hal_can.o(i.HAL_CAN_IRQHandler)
    HAL_CAN_Init                             0x08002089   Thumb Code   372  stm32f4xx_hal_can.o(i.HAL_CAN_Init)
    HAL_CAN_MspInit                          0x080021fd   Thumb Code   138  can.o(i.HAL_CAN_MspInit)
    HAL_CAN_RxFifo0FullCallback              0x08002295   Thumb Code     2  stm32f4xx_hal_can.o(i.HAL_CAN_RxFifo0FullCallback)
    HAL_CAN_RxFifo0MsgPendingCallback        0x08002299   Thumb Code   556  task_cancomm.o(i.HAL_CAN_RxFifo0MsgPendingCallback)
    HAL_CAN_RxFifo1FullCallback              0x080024ed   Thumb Code     2  stm32f4xx_hal_can.o(i.HAL_CAN_RxFifo1FullCallback)
    HAL_CAN_RxFifo1MsgPendingCallback        0x080024ef   Thumb Code     2  stm32f4xx_hal_can.o(i.HAL_CAN_RxFifo1MsgPendingCallback)
    HAL_CAN_SleepCallback                    0x080024f1   Thumb Code     2  stm32f4xx_hal_can.o(i.HAL_CAN_SleepCallback)
    HAL_CAN_Start                            0x080024f3   Thumb Code    94  stm32f4xx_hal_can.o(i.HAL_CAN_Start)
    HAL_CAN_TxMailbox0AbortCallback          0x08002551   Thumb Code     2  stm32f4xx_hal_can.o(i.HAL_CAN_TxMailbox0AbortCallback)
    HAL_CAN_TxMailbox0CompleteCallback       0x08002553   Thumb Code     2  stm32f4xx_hal_can.o(i.HAL_CAN_TxMailbox0CompleteCallback)
    HAL_CAN_TxMailbox1AbortCallback          0x08002555   Thumb Code     2  stm32f4xx_hal_can.o(i.HAL_CAN_TxMailbox1AbortCallback)
    HAL_CAN_TxMailbox1CompleteCallback       0x08002557   Thumb Code     2  stm32f4xx_hal_can.o(i.HAL_CAN_TxMailbox1CompleteCallback)
    HAL_CAN_TxMailbox2AbortCallback          0x08002559   Thumb Code     2  stm32f4xx_hal_can.o(i.HAL_CAN_TxMailbox2AbortCallback)
    HAL_CAN_TxMailbox2CompleteCallback       0x0800255b   Thumb Code     2  stm32f4xx_hal_can.o(i.HAL_CAN_TxMailbox2CompleteCallback)
    HAL_CAN_WakeUpFromRxMsgCallback          0x0800255d   Thumb Code     2  stm32f4xx_hal_can.o(i.HAL_CAN_WakeUpFromRxMsgCallback)
    HAL_DMAEx_MultiBufferStart               0x0800255f   Thumb Code   124  stm32f4xx_hal_dma_ex.o(i.HAL_DMAEx_MultiBufferStart)
    HAL_DMA_Abort_IT                         0x080025db   Thumb Code    40  stm32f4xx_hal_dma.o(i.HAL_DMA_Abort_IT)
    HAL_DMA_IRQHandler                       0x08002605   Thumb Code   570  stm32f4xx_hal_dma.o(i.HAL_DMA_IRQHandler)
    HAL_DMA_Init                             0x08002845   Thumb Code   232  stm32f4xx_hal_dma.o(i.HAL_DMA_Init)
    HAL_DMA_Start_IT                         0x08002931   Thumb Code   158  stm32f4xx_hal_dma.o(i.HAL_DMA_Start_IT)
    HAL_Delay                                0x080029d1   Thumb Code    36  stm32f4xx_hal.o(i.HAL_Delay)
    HAL_GPIO_Init                            0x080029f9   Thumb Code   486  stm32f4xx_hal_gpio.o(i.HAL_GPIO_Init)
    HAL_GPIO_TogglePin                       0x08002c15   Thumb Code    18  stm32f4xx_hal_gpio.o(i.HAL_GPIO_TogglePin)
    HAL_GPIO_WritePin                        0x08002c27   Thumb Code    12  stm32f4xx_hal_gpio.o(i.HAL_GPIO_WritePin)
    HAL_GetTick                              0x08002c35   Thumb Code     6  stm32f4xx_hal.o(i.HAL_GetTick)
    HAL_IncTick                              0x08002c41   Thumb Code    16  stm32f4xx_hal.o(i.HAL_IncTick)
    HAL_Init                                 0x08002c59   Thumb Code    54  stm32f4xx_hal.o(i.HAL_Init)
    HAL_InitTick                             0x08002c95   Thumb Code   124  stm32f4xx_hal_timebase_tim.o(i.HAL_InitTick)
    HAL_MspInit                              0x08002d1d   Thumb Code    78  stm32f4xx_hal_msp.o(i.HAL_MspInit)
    HAL_NVIC_EnableIRQ                       0x08002d71   Thumb Code    32  stm32f4xx_hal_cortex.o(i.HAL_NVIC_EnableIRQ)
    HAL_NVIC_SetPriority                     0x08002d91   Thumb Code   124  stm32f4xx_hal_cortex.o(i.HAL_NVIC_SetPriority)
    HAL_NVIC_SetPriorityGrouping             0x08002e0d   Thumb Code    32  stm32f4xx_hal_cortex.o(i.HAL_NVIC_SetPriorityGrouping)
    HAL_RCC_ClockConfig                      0x08002e35   Thumb Code   366  stm32f4xx_hal_rcc.o(i.HAL_RCC_ClockConfig)
    HAL_RCC_GetClockConfig                   0x08002fb5   Thumb Code    58  stm32f4xx_hal_rcc.o(i.HAL_RCC_GetClockConfig)
    HAL_RCC_GetHCLKFreq                      0x08002ff9   Thumb Code     6  stm32f4xx_hal_rcc.o(i.HAL_RCC_GetHCLKFreq)
    HAL_RCC_GetPCLK1Freq                     0x08003005   Thumb Code    22  stm32f4xx_hal_rcc.o(i.HAL_RCC_GetPCLK1Freq)
    HAL_RCC_GetPCLK2Freq                     0x08003025   Thumb Code    22  stm32f4xx_hal_rcc.o(i.HAL_RCC_GetPCLK2Freq)
    HAL_RCC_GetSysClockFreq                  0x08003045   Thumb Code   162  stm32f4xx_hal_rcc.o(i.HAL_RCC_GetSysClockFreq)
    HAL_RCC_OscConfig                        0x080030f5   Thumb Code  1086  stm32f4xx_hal_rcc.o(i.HAL_RCC_OscConfig)
    HAL_SPI_Init                             0x0800353d   Thumb Code   140  stm32f4xx_hal_spi.o(i.HAL_SPI_Init)
    HAL_SPI_MspInit                          0x080035c9   Thumb Code   124  spi.o(i.HAL_SPI_MspInit)
    HAL_SPI_TransmitReceive                  0x08003651   Thumb Code   554  stm32f4xx_hal_spi.o(i.HAL_SPI_TransmitReceive)
    HAL_TIMEx_BreakCallback                  0x0800387b   Thumb Code     2  stm32f4xx_hal_tim_ex.o(i.HAL_TIMEx_BreakCallback)
    HAL_TIMEx_CommutCallback                 0x0800387d   Thumb Code     2  stm32f4xx_hal_tim_ex.o(i.HAL_TIMEx_CommutCallback)
    HAL_TIMEx_ConfigBreakDeadTime            0x0800387f   Thumb Code   116  stm32f4xx_hal_tim_ex.o(i.HAL_TIMEx_ConfigBreakDeadTime)
    HAL_TIMEx_MasterConfigSynchronization    0x080038f3   Thumb Code    84  stm32f4xx_hal_tim_ex.o(i.HAL_TIMEx_MasterConfigSynchronization)
    HAL_TIM_Base_Init                        0x08003947   Thumb Code    52  stm32f4xx_hal_tim.o(i.HAL_TIM_Base_Init)
    HAL_TIM_Base_MspInit                     0x0800397b   Thumb Code     2  stm32f4xx_hal_tim.o(i.HAL_TIM_Base_MspInit)
    HAL_TIM_Base_Start_IT                    0x0800397d   Thumb Code    42  stm32f4xx_hal_tim.o(i.HAL_TIM_Base_Start_IT)
    HAL_TIM_IC_CaptureCallback               0x080039a7   Thumb Code     2  stm32f4xx_hal_tim.o(i.HAL_TIM_IC_CaptureCallback)
    HAL_TIM_IRQHandler                       0x080039a9   Thumb Code   406  stm32f4xx_hal_tim.o(i.HAL_TIM_IRQHandler)
    HAL_TIM_MspPostInit                      0x08003b41   Thumb Code   212  tim.o(i.HAL_TIM_MspPostInit)
    HAL_TIM_OC_DelayElapsedCallback          0x08003c2d   Thumb Code     2  stm32f4xx_hal_tim.o(i.HAL_TIM_OC_DelayElapsedCallback)
    HAL_TIM_PWM_ConfigChannel                0x08003c2f   Thumb Code   264  stm32f4xx_hal_tim.o(i.HAL_TIM_PWM_ConfigChannel)
    HAL_TIM_PWM_Init                         0x08003d37   Thumb Code    52  stm32f4xx_hal_tim.o(i.HAL_TIM_PWM_Init)
    HAL_TIM_PWM_MspInit                      0x08003d6d   Thumb Code    88  tim.o(i.HAL_TIM_PWM_MspInit)
    HAL_TIM_PWM_PulseFinishedCallback        0x08003dd1   Thumb Code     2  stm32f4xx_hal_tim.o(i.HAL_TIM_PWM_PulseFinishedCallback)
    HAL_TIM_PWM_Start                        0x08003dd5   Thumb Code    80  stm32f4xx_hal_tim.o(i.HAL_TIM_PWM_Start)
    HAL_TIM_PeriodElapsedCallback            0x08003e2d   Thumb Code    18  main.o(i.HAL_TIM_PeriodElapsedCallback)
    HAL_TIM_TriggerCallback                  0x08003e3f   Thumb Code     2  stm32f4xx_hal_tim.o(i.HAL_TIM_TriggerCallback)
    HAL_UART_ErrorCallback                   0x08003e41   Thumb Code     2  stm32f4xx_hal_uart.o(i.HAL_UART_ErrorCallback)
    HAL_UART_IRQHandler                      0x08003e45   Thumb Code   328  stm32f4xx_hal_uart.o(i.HAL_UART_IRQHandler)
    HAL_UART_Init                            0x08003f91   Thumb Code   114  stm32f4xx_hal_uart.o(i.HAL_UART_Init)
    HAL_UART_MspInit                         0x08004005   Thumb Code   968  usart.o(i.HAL_UART_MspInit)
    HAL_UART_RxCpltCallback                  0x08004411   Thumb Code     2  stm32f4xx_hal_uart.o(i.HAL_UART_RxCpltCallback)
    HAL_UART_Transmit                        0x08004413   Thumb Code   214  stm32f4xx_hal_uart.o(i.HAL_UART_Transmit)
    HAL_UART_Transmit_DMA                    0x080044e9   Thumb Code   142  stm32f4xx_hal_uart.o(i.HAL_UART_Transmit_DMA)
    HAL_UART_TxCpltCallback                  0x08004585   Thumb Code     2  stm32f4xx_hal_uart.o(i.HAL_UART_TxCpltCallback)
    HAL_UART_TxHalfCpltCallback              0x08004587   Thumb Code     2  stm32f4xx_hal_uart.o(i.HAL_UART_TxHalfCpltCallback)
    HardFault_Handler                        0x08004589   Thumb Code     4  stm32f4xx_it.o(i.HardFault_Handler)
    InitPeripheral_UI                        0x0800458d   Thumb Code   102  task_ui.o(i.InitPeripheral_UI)
    MX_CAN1_Init                             0x08004601   Thumb Code    62  can.o(i.MX_CAN1_Init)
    MX_DMA_Init                              0x08004649   Thumb Code   146  dma.o(i.MX_DMA_Init)
    MX_FREERTOS_Init                         0x080046e1   Thumb Code    30  freertos.o(i.MX_FREERTOS_Init)
    MX_GPIO_Init                             0x08004709   Thumb Code   394  gpio.o(i.MX_GPIO_Init)
    MX_SPI5_Init                             0x080048a9   Thumb Code    60  spi.o(i.MX_SPI5_Init)
    MX_TIM1_Init                             0x080048ed   Thumb Code   208  tim.o(i.MX_TIM1_Init)
    MX_TIM3_Init                             0x080049c5   Thumb Code   114  tim.o(i.MX_TIM3_Init)
    MX_UART7_Init                            0x08004a41   Thumb Code    46  usart.o(i.MX_UART7_Init)
    MX_UART8_Init                            0x08004a79   Thumb Code    46  usart.o(i.MX_UART8_Init)
    MX_USART1_UART_Init                      0x08004ab1   Thumb Code    48  usart.o(i.MX_USART1_UART_Init)
    MX_USART3_UART_Init                      0x08004aed   Thumb Code    46  usart.o(i.MX_USART3_UART_Init)
    MX_USART6_UART_Init                      0x08004b25   Thumb Code    46  usart.o(i.MX_USART6_UART_Init)
    MemManage_Handler                        0x08004b5d   Thumb Code     4  stm32f4xx_it.o(i.MemManage_Handler)
    Motor_Blocked_Detect                     0x08004b61   Thumb Code   172  task_shoot.o(i.Motor_Blocked_Detect)
    Motor_CanSend_Gimbal                     0x08004c25   Thumb Code   182  system.o(i.Motor_CanSend_Gimbal)
    Motor_CanSend_Shoot                      0x08004ce1   Thumb Code   242  system.o(i.Motor_CanSend_Shoot)
    NMI_Handler                              0x08004dd9   Thumb Code     2  stm32f4xx_it.o(i.NMI_Handler)
    PID_Calculation                          0x08004ddd   Thumb Code   842  sys_def.o(i.PID_Calculation)
    PositionInit                             0x0800512d   Thumb Code    84  task_position.o(i.PositionInit)
    RC_Data_Update                           0x0800518d   Thumb Code   456  task_rc.o(i.RC_Data_Update)
    RC_InitConfig                            0x08005365   Thumb Code    64  task_rc.o(i.RC_InitConfig)
    RC_UART_IRQHandler                       0x080053b1   Thumb Code   210  task_rc.o(i.RC_UART_IRQHandler)
    RefereeReceive                           0x080054a1   Thumb Code   112  task_judge.o(i.RefereeReceive)
    Referee_IDLECallback                     0x08005515   Thumb Code   102  task_judge.o(i.Referee_IDLECallback)
    Referee_Receive_Data_Processing          0x0800557d   Thumb Code   420  task_judge.o(i.Referee_Receive_Data_Processing)
    Shoot_Control                            0x08005845   Thumb Code   382  task_shoot.o(i.Shoot_Control)
    Shoot_GetInfo                            0x080059f5   Thumb Code   166  task_shoot.o(i.Shoot_GetInfo)
    Shoot_Init                               0x08005ab1   Thumb Code   674  task_shoot.o(i.Shoot_Init)
    StatusMachine_Init                       0x08005d79   Thumb Code    14  task_statemachine.o(i.StatusMachine_Init)
    StatusMachine_Update                     0x08005d8d   Thumb Code   262  task_statemachine.o(i.StatusMachine_Update)
    SysTick_Handler                          0x08005ea5   Thumb Code    46  port.o(i.SysTick_Handler)
    SystemClock_Config                       0x08005ed9   Thumb Code   170  main.o(i.SystemClock_Config)
    SystemInit                               0x08005f8d   Thumb Code    82  system_stm32f4xx.o(i.SystemInit)
    TIM2_IRQHandler                          0x08005ff1   Thumb Code    10  stm32f4xx_it.o(i.TIM2_IRQHandler)
    TIMInit                                  0x08006001   Thumb Code     2  task_init.o(i.TIMInit)
    TIM_Base_SetConfig                       0x08006005   Thumb Code   170  stm32f4xx_hal_tim.o(i.TIM_Base_SetConfig)
    TIM_CCxChannelCmd                        0x080060dd   Thumb Code    34  stm32f4xx_hal_tim.o(i.TIM_CCxChannelCmd)
    TIM_OC2_SetConfig                        0x08006171   Thumb Code   114  stm32f4xx_hal_tim.o(i.TIM_OC2_SetConfig)
    Task_CanComm                             0x080062b9   Thumb Code    54  task_cancomm.o(i.Task_CanComm)
    Task_Debug                               0x080062fd   Thumb Code    86  task_debug.o(i.Task_Debug)
    Task_Gimbal                              0x08006365   Thumb Code    40  task_gimbal.o(i.Task_Gimbal)
    Task_Init_Config                         0x08006391   Thumb Code   330  task_init.o(i.Task_Init_Config)
    Task_JetsonComm                          0x080065e5   Thumb Code    14  task_jetsoncomm.o(i.Task_JetsonComm)
    Task_Judge                               0x080065f3   Thumb Code    14  task_judge.o(i.Task_Judge)
    Task_LED                                 0x08006601   Thumb Code   278  task_led.o(i.Task_LED)
    Task_Position                            0x08006731   Thumb Code    72  task_position.o(i.Task_Position)
    Task_Protect                             0x0800677d   Thumb Code    82  task_protect.o(i.Task_Protect)
    Task_RC                                  0x080067dd   Thumb Code    36  task_rc.o(i.Task_RC)
    Task_Shoot                               0x08006805   Thumb Code    62  task_shoot.o(i.Task_Shoot)
    Task_StateMachine                        0x08006849   Thumb Code    22  task_statemachine.o(i.Task_StateMachine)
    Task_Ui                                  0x0800685f   Thumb Code    30  task_ui.o(i.Task_Ui)
    UART7_IRQHandler                         0x0800687d   Thumb Code    10  stm32f4xx_it.o(i.UART7_IRQHandler)
    UART8_IRQHandler                         0x0800688d   Thumb Code    16  stm32f4xx_it.o(i.UART8_IRQHandler)
    USART1_IRQHandler                        0x08006e81   Thumb Code    16  stm32f4xx_it.o(i.USART1_IRQHandler)
    USART3_IRQHandler                        0x08006e95   Thumb Code    16  stm32f4xx_it.o(i.USART3_IRQHandler)
    USART6_IRQHandler                        0x08006ea9   Thumb Code    10  stm32f4xx_it.o(i.USART6_IRQHandler)
    Uart_Config_In_IRQHandle                 0x08006eb9   Thumb Code   236  task_position.o(i.Uart_Config_In_IRQHandle)
    UsageFault_Handler                       0x08006fb9   Thumb Code     4  stm32f4xx_it.o(i.UsageFault_Handler)
    Verify_CRC16_Check_Sum                   0x08006fbd   Thumb Code    60  task_judge.o(i.Verify_CRC16_Check_Sum)
    Verify_CRC8_Check_Sum                    0x08006ffd   Thumb Code    46  task_judge.o(i.Verify_CRC8_Check_Sum)
    WhichTeam                                0x0800702d   Thumb Code    38  task_ui.o(i.WhichTeam)
    __ARM_fpclassify                         0x08007059   Thumb Code    48  fpclassify.o(i.__ARM_fpclassify)
    __hardfp_asin                            0x080070c1   Thumb Code   770  asin.o(i.__hardfp_asin)
    __hardfp_atan                            0x08007421   Thumb Code   622  atan.o(i.__hardfp_atan)
    __hardfp_atan2                           0x080076f9   Thumb Code   432  atan2.o(i.__hardfp_atan2)
    __hardfp_fabs                            0x080078e9   Thumb Code    20  fabs.o(i.__hardfp_fabs)
    __hardfp_sqrt                            0x080078fd   Thumb Code   122  sqrt.o(i.__hardfp_sqrt)
    __kernel_poly                            0x08007977   Thumb Code   248  poly.o(i.__kernel_poly)
    __mathlib_dbl_infnan                     0x08007a6f   Thumb Code    20  dunder.o(i.__mathlib_dbl_infnan)
    __mathlib_dbl_infnan2                    0x08007a83   Thumb Code    20  dunder.o(i.__mathlib_dbl_infnan2)
    __mathlib_dbl_invalid                    0x08007a99   Thumb Code    24  dunder.o(i.__mathlib_dbl_invalid)
    __mathlib_dbl_underflow                  0x08007ab9   Thumb Code    24  dunder.o(i.__mathlib_dbl_underflow)
    __scatterload_copy                       0x08007ad9   Thumb Code    14  handlers.o(i.__scatterload_copy)
    __scatterload_null                       0x08007ae7   Thumb Code     2  handlers.o(i.__scatterload_null)
    __scatterload_zeroinit                   0x08007ae9   Thumb Code    14  handlers.o(i.__scatterload_zeroinit)
    __set_errno                              0x08007af9   Thumb Code     6  errno.o(i.__set_errno)
    atan                                     0x08007b05   Thumb Code    16  atan.o(i.atan)
    check_empty_graphic                      0x08007b15   Thumb Code    34  task_ui.o(i.check_empty_graphic)
    configureTimerForRunTimeStats            0x08007b3d   Thumb Code     2  freertos.o(i.configureTimerForRunTimeStats)
    delta_angle                              0x08007b3f   Thumb Code    64  task_cancomm.o(i.delta_angle)
    draw_line                                0x08007b81   Thumb Code   358  task_ui.o(i.draw_line)
    draw_rect                                0x08007ced   Thumb Code   360  task_ui.o(i.draw_rect)
    fabs                                     0x08007e59   Thumb Code    24  fabs.o(i.fabs)
    getRunTimeCounterValue                   0x08007e71   Thumb Code     4  freertos.o(i.getRunTimeCounterValue)
    imu_ahrs_update                          0x08007e75   Thumb Code  1830  func_imu_ob.o(i.imu_ahrs_update)
    imu_attitude_update                      0x080085e1   Thumb Code   506  func_imu_ob.o(i.imu_attitude_update)
    imu_temp_ctrl                            0x080087f9   Thumb Code    76  func_imu_ob.o(i.imu_temp_ctrl)
    init_quaternion                          0x0800884d   Thumb Code   596  func_imu_ob.o(i.init_quaternion)
    inv_sqrt                                 0x08008b11   Thumb Code    56  func_imu_ob.o(i.inv_sqrt)
    ist8310_get_data                         0x08008b4d   Thumb Code    16  func_imu_ob.o(i.ist8310_get_data)
    ist8310_init                             0x08008b5d   Thumb Code   256  func_imu_ob.o(i.ist8310_init)
    load_chars                               0x08008cd9   Thumb Code    46  task_ui.o(i.load_chars)
    main                                     0x08008d0d   Thumb Code    64  main.o(i.main)
    mpu_device_init                          0x08008d5d   Thumb Code   100  func_imu_ob.o(i.mpu_device_init)
    mpu_get_data                             0x08008dc9   Thumb Code   354  func_imu_ob.o(i.mpu_get_data)
    mpu_offset_call                          0x08008fd5   Thumb Code   304  func_imu_ob.o(i.mpu_offset_call)
    mpu_read_byte                            0x0800910d   Thumb Code    68  func_imu_ob.o(i.mpu_read_byte)
    mpu_read_bytes                           0x08009161   Thumb Code    80  func_imu_ob.o(i.mpu_read_bytes)
    mpu_set_accel_fsr                        0x080091c5   Thumb Code    16  func_imu_ob.o(i.mpu_set_accel_fsr)
    mpu_set_gyro_fsr                         0x080091d5   Thumb Code    16  func_imu_ob.o(i.mpu_set_gyro_fsr)
    mpu_write_byte                           0x080091e5   Thumb Code    72  func_imu_ob.o(i.mpu_write_byte)
    osKernelStart                            0x0800923d   Thumb Code    10  cmsis_os.o(i.osKernelStart)
    osThreadCreate                           0x08009247   Thumb Code    94  cmsis_os.o(i.osThreadCreate)
    pvPortMalloc                             0x08009895   Thumb Code   296  heap_4.o(i.pvPortMalloc)
    pxPortInitialiseStack                    0x080099d1   Thumb Code    38  port.o(i.pxPortInitialiseStack)
    send_graphic                             0x080099fd   Thumb Code   242  task_ui.o(i.send_graphic)
    sqrt                                     0x08009b05   Thumb Code   110  sqrt.o(i.sqrt)
    ulTaskNotifyTake                         0x08009b75   Thumb Code   108  tasks.o(i.ulTaskNotifyTake)
    uxListRemove                             0x08009be9   Thumb Code    40  list.o(i.uxListRemove)
    vApplicationGetIdleTaskMemory            0x08009c11   Thumb Code    14  freertos.o(i.vApplicationGetIdleTaskMemory)
    vListInitialise                          0x08009c29   Thumb Code    26  list.o(i.vListInitialise)
    vListInitialiseItem                      0x08009c43   Thumb Code     6  list.o(i.vListInitialiseItem)
    vListInsert                              0x08009c49   Thumb Code    52  list.o(i.vListInsert)
    vListInsertEnd                           0x08009c7d   Thumb Code    24  list.o(i.vListInsertEnd)
    vPortEnterCritical                       0x08009c95   Thumb Code    76  port.o(i.vPortEnterCritical)
    vPortExitCritical                        0x08009ce9   Thumb Code    56  port.o(i.vPortExitCritical)
    vPortFree                                0x08009d25   Thumb Code   140  heap_4.o(i.vPortFree)
    vPortSetupTimerInterrupt                 0x08009db9   Thumb Code    36  port.o(i.vPortSetupTimerInterrupt)
    vPortValidateInterruptPriority           0x08009de1   Thumb Code   106  port.o(i.vPortValidateInterruptPriority)
    vTaskDelayUntil                          0x08009e59   Thumb Code   200  tasks.o(i.vTaskDelayUntil)
    vTaskDelete                              0x08009f2d   Thumb Code   202  tasks.o(i.vTaskDelete)
    vTaskInternalSetTimeOutState             0x0800a021   Thumb Code    14  tasks.o(i.vTaskInternalSetTimeOutState)
    vTaskMissedYield                         0x0800a039   Thumb Code     8  tasks.o(i.vTaskMissedYield)
    vTaskNotifyGiveFromISR                   0x0800a045   Thumb Code   216  tasks.o(i.vTaskNotifyGiveFromISR)
    vTaskPlaceOnEventList                    0x0800a135   Thumb Code    52  tasks.o(i.vTaskPlaceOnEventList)
    vTaskStartScheduler                      0x0800a16d   Thumb Code   150  tasks.o(i.vTaskStartScheduler)
    vTaskSuspendAll                          0x0800a221   Thumb Code    12  tasks.o(i.vTaskSuspendAll)
    vTaskSwitchContext                       0x0800a231   Thumb Code   172  tasks.o(i.vTaskSwitchContext)
    write_chars                              0x0800a2f9   Thumb Code   338  task_ui.o(i.write_chars)
    xPortStartScheduler                      0x0800a461   Thumb Code   330  port.o(i.xPortStartScheduler)
    xQueueGenericCreate                      0x0800a5c9   Thumb Code    94  queue.o(i.xQueueGenericCreate)
    xQueueGenericReset                       0x0800a629   Thumb Code   146  queue.o(i.xQueueGenericReset)
    xQueueGenericSend                        0x0800a6c1   Thumb Code   420  queue.o(i.xQueueGenericSend)
    xQueueReceive                            0x0800a869   Thumb Code   356  queue.o(i.xQueueReceive)
    xTaskCheckForTimeOut                     0x0800a9d1   Thumb Code   132  tasks.o(i.xTaskCheckForTimeOut)
    xTaskCreate                              0x0800aa5d   Thumb Code   100  tasks.o(i.xTaskCreate)
    xTaskCreateStatic                        0x0800aac1   Thumb Code   184  tasks.o(i.xTaskCreateStatic)
    xTaskGenericNotify                       0x0800ab79   Thumb Code   242  tasks.o(i.xTaskGenericNotify)
    xTaskGetSchedulerState                   0x0800ac7d   Thumb Code    24  tasks.o(i.xTaskGetSchedulerState)
    xTaskGetTickCount                        0x0800ac9d   Thumb Code     6  tasks.o(i.xTaskGetTickCount)
    xTaskIncrementTick                       0x0800aca9   Thumb Code   282  tasks.o(i.xTaskIncrementTick)
    xTaskPriorityDisinherit                  0x0800adf1   Thumb Code   188  tasks.o(i.xTaskPriorityDisinherit)
    xTaskRemoveFromEventList                 0x0800aeb9   Thumb Code   128  tasks.o(i.xTaskRemoveFromEventList)
    xTaskResumeAll                           0x0800af51   Thumb Code   224  tasks.o(i.xTaskResumeAll)
    CRC8_INIT                                0x0800b054   Data           1  task_judge.o(.constdata)
    CRC8_TAB                                 0x0800b055   Data         256  task_judge.o(.constdata)
    wCRC_Table                               0x0800b156   Data         512  task_judge.o(.constdata)
    AHBPrescTable                            0x0800b37c   Data          16  system_stm32f4xx.o(.constdata)
    APBPrescTable                            0x0800b38c   Data           8  system_stm32f4xx.o(.constdata)
    __mathlib_zero                           0x0800b490   Data           8  qnan.o(.constdata)
    Region$$Table$$Base                      0x0800b4a4   Number         0  anon$$obj.o(Region$$Table)
    Region$$Table$$Limit                     0x0800b4c4   Number         0  anon$$obj.o(Region$$Table)
    TaskProtect_Handle                       0x20000000   Data           4  task_init.o(.data)
    TaskCanComm_Handle                       0x20000004   Data           4  task_init.o(.data)
    TaskPosition_Handle                      0x20000008   Data           4  task_init.o(.data)
    TaskJudge_Handle                         0x2000000c   Data           4  task_init.o(.data)
    TaskJetsonComm_Handle                    0x20000010   Data           4  task_init.o(.data)
    TaskRC_Handle                            0x20000014   Data           4  task_init.o(.data)
    TaskStateMachine_Handle                  0x20000018   Data           4  task_init.o(.data)
    TaskGimbal_Handle                        0x2000001c   Data           4  task_init.o(.data)
    TaskShoot_Handle                         0x20000020   Data           4  task_init.o(.data)
    TaskDebug_Handle                         0x20000024   Data           4  task_init.o(.data)
    TaskLED_Handle                           0x20000028   Data           4  task_init.o(.data)
    UI_TASK_Handle                           0x2000002c   Data           4  task_init.o(.data)
    usart_this_time_rx_len                   0x20000038   Data           1  task_position.o(.data)
    a                                        0x2000003c   Data           4  task_position.o(.data)
    i                                        0x20000040   Data           1  task_position.o(.data)
    ext_game_state                           0x20000044   Data           3  task_judge.o(.data)
    ext_game_result                          0x20000047   Data           1  task_judge.o(.data)
    ext_dart_status                          0x20000048   Data           3  task_judge.o(.data)
    ext_event_data                           0x2000004b   Data           4  task_judge.o(.data)
    ext_supply_projectile_action             0x2000004f   Data           4  task_judge.o(.data)
    ext_referee_warning                      0x20000053   Data           2  task_judge.o(.data)
    ext_dart_remaining_time                  0x20000055   Data           1  task_judge.o(.data)
    ext_buff_musk                            0x20000056   Data           1  task_judge.o(.data)
    aerial_robot_energy                      0x20000057   Data           2  task_judge.o(.data)
    ext_robot_hurt                           0x20000059   Data           1  task_judge.o(.data)
    ext_shoot_data                           0x2000005a   Data           6  task_judge.o(.data)
    ext_bullet_remaining                     0x20000060   Data           2  task_judge.o(.data)
    ext_rfid_status                          0x20000062   Data           4  task_judge.o(.data)
    energy_point_c                           0x20000066   Data           2  task_judge.o(.data)
    bullet_remaining_num_c                   0x20000068   Data           2  task_judge.o(.data)
    bullet_max                               0x2000006c   Data           4  task_judge.o(.data)
    last_energy_point                        0x20000070   Data           2  task_judge.o(.data)
    CRC_INIT                                 0x20000072   Data           2  task_judge.o(.data)
    Shoot_Status_Value                       0x20000075   Data           1  task_statemachine.o(.data)
    test_speed                               0x20000078   Data           4  task_gimbal.o(.data)
    test_angle                               0x2000007c   Data           4  task_gimbal.o(.data)
    test_output                              0x20000080   Data           2  task_gimbal.o(.data)
    BlockedWarningTimes                      0x2000008e   Data           1  task_shoot.o(.data)
    value                                    0x20000090   Data           2  task_shoot.o(.data)
    Head                                     0x20000095   Data           2  task_debug.o(.data)
    Tail                                     0x20000097   Data           2  task_debug.o(.data)
    header_data                              0x2000009c   Data           6  task_ui.o(.data)
    robot_interactive_data                   0x200000a2   Data           4  task_ui.o(.data)
    shoot_status_chars                       0x200000a8   Data           4  task_ui.o(.data)
    RC_Rx_Mem                                0x200000b0   Data           1  sys_def.o(.data)
    Jetson_Seq                               0x200000b1   Data           1  sys_def.o(.data)
    CommStatus                               0x200000b2   Data           4  sys_def.o(.data)
    Pitch_Desire                             0x200000b8   Data           4  sys_def.o(.data)
    Yaw_Desire                               0x200000bc   Data           4  sys_def.o(.data)
    Pitch_otcAngle                           0x200000c0   Data           4  sys_def.o(.data)
    Yaw_otcAngle                             0x200000c4   Data           4  sys_def.o(.data)
    Jetson_AnglePitch                        0x200000c8   Data           4  sys_def.o(.data)
    Jetson_AngleYaw                          0x200000cc   Data           4  sys_def.o(.data)
    Jetson_VelocityPitch                     0x200000d0   Data           4  sys_def.o(.data)
    Jetson_VelocityYaw                       0x200000d4   Data           4  sys_def.o(.data)
    GYRO_Rx_Mem                              0x200000d8   Data           1  sys_def.o(.data)
    GYRO_Rx_Mem2                             0x200000d9   Data           1  sys_def.o(.data)
    Queue_CANSend                            0x200000dc   Data           4  system.o(.data)
    Task_InitHandle                          0x200000e0   Data           4  freertos.o(.data)
    uwTick                                   0x200000e4   Data           4  stm32f4xx_hal.o(.data)
    uwTickPrio                               0x200000e8   Data           4  stm32f4xx_hal.o(.data)
    uwTickFreq                               0x200000ec   Data           1  stm32f4xx_hal.o(.data)
    SystemCoreClock                          0x200000f0   Data           4  system_stm32f4xx.o(.data)
    pxCurrentTCB                             0x200000f4   Data           4  tasks.o(.data)
    q0                                       0x2000015c   Data           4  func_imu_ob.o(.data)
    q1                                       0x20000160   Data           4  func_imu_ob.o(.data)
    q2                                       0x20000164   Data           4  func_imu_ob.o(.data)
    q3                                       0x20000168   Data           4  func_imu_ob.o(.data)
    exInt                                    0x2000016c   Data           4  func_imu_ob.o(.data)
    eyInt                                    0x20000170   Data           4  func_imu_ob.o(.data)
    ezInt                                    0x20000174   Data           4  func_imu_ob.o(.data)
    last_update                              0x2000019c   Data           4  func_imu_ob.o(.data)
    now_update                               0x200001a0   Data           4  func_imu_ob.o(.data)
    ist_buff                                 0x200001b4   Data           6  func_imu_ob.o(.data)
    imu                                      0x200001bc   Data          56  func_imu_ob.o(.data)
    id                                       0x200001f4   Data           1  func_imu_ob.o(.data)
    ext_game_robot_HP                        0x200001fc   Data          32  task_judge.o(.bss)
    ext_game_robot_state                     0x2000021c   Data          18  task_judge.o(.bss)
    ext_power_heat_data                      0x2000022e   Data          16  task_judge.o(.bss)
    ext_game_robot_pos                       0x2000023e   Data          16  task_judge.o(.bss)
    Can_TX_Message                           0x20000250   Data          36  task_cancomm.o(.bss)
    RxHeader                                 0x20000274   Data          28  task_cancomm.o(.bss)
    UiFrame                                  0x20000290   Data         128  task_ui.o(.bss)
    graphic_data                             0x20000310   Data         105  task_ui.o(.bss)
    custom_character                         0x20000379   Data          45  task_ui.o(.bss)
    PitchMotor                               0x200003a8   Data         116  sys_def.o(.bss)
    YawMotor                                 0x2000041c   Data         116  sys_def.o(.bss)
    FricMotor_Left                           0x20000490   Data         116  sys_def.o(.bss)
    FricMotor_Right                          0x20000504   Data         116  sys_def.o(.bss)
    StirMotor                                0x20000578   Data         116  sys_def.o(.bss)
    RC_ReceiveData                           0x200005ec   Data          24  sys_def.o(.bss)
    LastRC_ReceiveData                       0x20000604   Data          24  sys_def.o(.bss)
    RCBuffer                                 0x2000061c   Data          50  sys_def.o(.bss)
    Judge_Receive_Buffer                     0x2000064e   Data         130  sys_def.o(.bss)
    GYRO                                     0x200006d0   Data          36  sys_def.o(.bss)
    CAN_Tx_Msg                               0x200006f4   Data          36  sys_def.o(.bss)
    Gimbal                                   0x20000718   Data          28  sys_def.o(.bss)
    JetsonFlag                               0x20000734   Data         320  sys_def.o(.bss)
    DataSendToJetson_gyro                    0x20000874   Data          16  sys_def.o(.bss)
    DataRecFromJetson                        0x20000884   Data          16  sys_def.o(.bss)
    DataRecFromJetson_Temp                   0x20000894   Data          16  sys_def.o(.bss)
    DataSendToJetson                         0x200008a4   Data          20  sys_def.o(.bss)
    PersonalGYRO                             0x200008b8   Data          36  sys_def.o(.bss)
    PersonalGYRO2                            0x200008dc   Data          36  sys_def.o(.bss)
    GYROBuffer                               0x20000900   Data         158  sys_def.o(.bss)
    GYROBuffer2                              0x2000099e   Data         158  sys_def.o(.bss)
    hcan1                                    0x20000a3c   Data          40  can.o(.bss)
    hspi5                                    0x20000cd4   Data          88  spi.o(.bss)
    htim2                                    0x20000d2c   Data          64  stm32f4xx_hal_timebase_tim.o(.bss)
    htim1                                    0x20000d6c   Data          64  tim.o(.bss)
    htim3                                    0x20000dac   Data          64  tim.o(.bss)
    huart7                                   0x20000dec   Data          64  usart.o(.bss)
    huart8                                   0x20000e2c   Data          64  usart.o(.bss)
    huart1                                   0x20000e6c   Data          64  usart.o(.bss)
    huart3                                   0x20000eac   Data          64  usart.o(.bss)
    huart6                                   0x20000eec   Data          64  usart.o(.bss)
    hdma_uart8_rx                            0x20000f2c   Data          96  usart.o(.bss)
    hdma_usart1_rx                           0x20000f8c   Data          96  usart.o(.bss)
    hdma_usart3_rx                           0x20000fec   Data          96  usart.o(.bss)
    hdma_usart3_tx                           0x2000104c   Data          96  usart.o(.bss)
    hdma_usart6_rx                           0x200010ac   Data          96  usart.o(.bss)
    mpu_buff                                 0x200061fc   Data          14  func_imu_ob.o(.bss)
    mpu_data                                 0x2000620a   Data          32  func_imu_ob.o(.bss)
    __initial_sp                             0x20006630   Data           0  startup_stm32f427xx.o(STACK)



==============================================================================

Memory Map of the image

  Image Entry point : 0x080001ad

  Load Region LR_IROM1 (Base: 0x08000000, Size: 0x0000b6c0, Max: 0x00200000, ABSOLUTE, COMPRESSED[0x0000b4f0])

    Execution Region ER_IROM1 (Exec base: 0x08000000, Load base: 0x08000000, Size: 0x0000b4c4, Max: 0x00200000, ABSOLUTE)

    Exec Addr    Load Addr    Size         Type   Attr      Idx    E Section Name        Object

    0x08000000   0x08000000   0x000001ac   Data   RO            3    RESET               startup_stm32f427xx.o
    0x080001ac   0x080001ac   0x00000000   Code   RO         6388  * .ARM.Collect$$$$00000000  mc_w.l(entry.o)
    0x080001ac   0x080001ac   0x00000004   Code   RO         6717    .ARM.Collect$$$$00000001  mc_w.l(entry2.o)
    0x080001b0   0x080001b0   0x00000004   Code   RO         6720    .ARM.Collect$$$$00000004  mc_w.l(entry5.o)
    0x080001b4   0x080001b4   0x00000000   Code   RO         6722    .ARM.Collect$$$$00000008  mc_w.l(entry7b.o)
    0x080001b4   0x080001b4   0x00000000   Code   RO         6724    .ARM.Collect$$$$0000000A  mc_w.l(entry8b.o)
    0x080001b4   0x080001b4   0x00000008   Code   RO         6725    .ARM.Collect$$$$0000000B  mc_w.l(entry9a.o)
    0x080001bc   0x080001bc   0x00000000   Code   RO         6727    .ARM.Collect$$$$0000000D  mc_w.l(entry10a.o)
    0x080001bc   0x080001bc   0x00000000   Code   RO         6729    .ARM.Collect$$$$0000000F  mc_w.l(entry11a.o)
    0x080001bc   0x080001bc   0x00000004   Code   RO         6718    .ARM.Collect$$$$00002712  mc_w.l(entry2.o)
    0x080001c0   0x080001c0   0x000000be   Code   RO         6130    .emb_text           port.o
    0x0800027e   0x0800027e   0x00000002   PAD
    0x08000280   0x08000280   0x00000024   Code   RO            4    .text               startup_stm32f427xx.o
    0x080002a4   0x080002a4   0x00000062   Code   RO         6391    .text               mc_w.l(uldiv.o)
    0x08000306   0x08000306   0x00000024   Code   RO         6393    .text               mc_w.l(memcpya.o)
    0x0800032a   0x0800032a   0x00000024   Code   RO         6397    .text               mc_w.l(memseta.o)
    0x0800034e   0x0800034e   0x0000014e   Code   RO         6666    .text               mf_w.l(dadd.o)
    0x0800049c   0x0800049c   0x000000e4   Code   RO         6668    .text               mf_w.l(dmul.o)
    0x08000580   0x08000580   0x000000de   Code   RO         6670    .text               mf_w.l(ddiv.o)
    0x0800065e   0x0800065e   0x00000022   Code   RO         6674    .text               mf_w.l(dflti.o)
    0x08000680   0x08000680   0x00000026   Code   RO         6676    .text               mf_w.l(f2d.o)
    0x080006a6   0x080006a6   0x00000002   PAD
    0x080006a8   0x080006a8   0x00000030   Code   RO         6678    .text               mf_w.l(cdcmple.o)
    0x080006d8   0x080006d8   0x00000030   Code   RO         6680    .text               mf_w.l(cdrcmple.o)
    0x08000708   0x08000708   0x00000038   Code   RO         6682    .text               mf_w.l(d2f.o)
    0x08000740   0x08000740   0x0000001e   Code   RO         6736    .text               mc_w.l(llshl.o)
    0x0800075e   0x0800075e   0x00000020   Code   RO         6738    .text               mc_w.l(llushr.o)
    0x0800077e   0x0800077e   0x00000024   Code   RO         6740    .text               mc_w.l(llsshr.o)
    0x080007a2   0x080007a2   0x00000000   Code   RO         6749    .text               mc_w.l(iusefp.o)
    0x080007a2   0x080007a2   0x0000006e   Code   RO         6750    .text               mf_w.l(fepilogue.o)
    0x08000810   0x08000810   0x000000ba   Code   RO         6752    .text               mf_w.l(depilogue.o)
    0x080008ca   0x080008ca   0x000000a2   Code   RO         6754    .text               mf_w.l(dsqrt.o)
    0x0800096c   0x0800096c   0x00000024   Code   RO         6758    .text               mc_w.l(init.o)
    0x08000990   0x08000990   0x0000003a   Code   RO         6770    .text               mc_w.l(__dczerorl.o)
    0x080009ca   0x080009ca   0x00000002   PAD
    0x080009cc   0x080009cc   0x00000030   Code   RO          367    i.Append_CRC16_Check_Sum  task_judge.o
    0x080009fc   0x080009fc   0x00000024   Code   RO          368    i.Append_CRC8_Check_Sum  task_judge.o
    0x08000a20   0x08000a20   0x00000004   Code   RO         1486    i.BusFault_Handler  stm32f4xx_it.o
    0x08000a24   0x08000a24   0x00000010   Code   RO         1487    i.CAN1_RX0_IRQHandler  stm32f4xx_it.o
    0x08000a34   0x08000a34   0x00000048   Code   RO           13    i.CanInit           task_init.o
    0x08000a7c   0x08000a7c   0x00000010   Code   RO         1488    i.DMA1_Stream1_IRQHandler  stm32f4xx_it.o
    0x08000a8c   0x08000a8c   0x00000010   Code   RO         1489    i.DMA1_Stream3_IRQHandler  stm32f4xx_it.o
    0x08000a9c   0x08000a9c   0x00000010   Code   RO         1490    i.DMA1_Stream6_IRQHandler  stm32f4xx_it.o
    0x08000aac   0x08000aac   0x00000010   Code   RO         1491    i.DMA2_Stream1_IRQHandler  stm32f4xx_it.o
    0x08000abc   0x08000abc   0x00000010   Code   RO         1492    i.DMA2_Stream2_IRQHandler  stm32f4xx_it.o
    0x08000acc   0x08000acc   0x000000fc   Code   RO           14    i.DMAInit           task_init.o
    0x08000bc8   0x08000bc8   0x00000034   Code   RO         2432    i.DMA_CalcBaseAndBitshift  stm32f4xx_hal_dma.o
    0x08000bfc   0x08000bfc   0x000000aa   Code   RO         2433    i.DMA_CheckFifoParam  stm32f4xx_hal_dma.o
    0x08000ca6   0x08000ca6   0x00000020   Code   RO         2391    i.DMA_MultiBufferSetConfig  stm32f4xx_hal_dma_ex.o
    0x08000cc6   0x08000cc6   0x0000002c   Code   RO         2434    i.DMA_SetConfig     stm32f4xx_hal_dma.o
    0x08000cf2   0x08000cf2   0x00000002   Code   RO         1493    i.DebugMon_Handler  stm32f4xx_it.o
    0x08000cf4   0x08000cf4   0x00000002   Code   RO         1058    i.Error_Handler     main.o
    0x08000cf6   0x08000cf6   0x00000002   PAD
    0x08000cf8   0x08000cf8   0x00000430   Code   RO          812    i.FrameUpdata       task_ui.o
    0x08001128   0x08001128   0x00000034   Code   RO          369    i.Get_CRC16_Check_Sum  task_judge.o
    0x0800115c   0x0800115c   0x00000024   Code   RO          370    i.Get_CRC8_Check_Sum  task_judge.o
    0x08001180   0x08001180   0x000000a0   Code   RO          480    i.Get_Channel_Val   task_rc.o
    0x08001220   0x08001220   0x00000018   Code   RO          482    i.Get_Mouse_Pressed  task_rc.o
    0x08001238   0x08001238   0x00000024   Code   RO          483    i.Get_Mouse_Speed   task_rc.o
    0x0800125c   0x0800125c   0x00000068   Code   RO          813    i.Get_Shoot_Status  task_ui.o
    0x080012c4   0x080012c4   0x00000016   Code   RO          484    i.Get_Switch_Val    task_rc.o
    0x080012da   0x080012da   0x00000002   PAD
    0x080012dc   0x080012dc   0x000002d4   Code   RO          640    i.Gimbal_Control    task_gimbal.o
    0x080015b0   0x080015b0   0x000001f0   Code   RO          641    i.Gimbal_Init       task_gimbal.o
    0x080017a0   0x080017a0   0x000000f8   Code   RO          293    i.Gimbal_PositionSet  task_position.o
    0x08001898   0x08001898   0x00000074   Code   RO          643    i.Gimbal_SetPosition  task_gimbal.o
    0x0800190c   0x0800190c   0x0000010c   Code   RO          644    i.Gimbal_StartMove  task_gimbal.o
    0x08001a18   0x08001a18   0x0000002a   Code   RO         1638    i.HAL_CAN_ActivateNotification  stm32f4xx_hal_can.o
    0x08001a42   0x08001a42   0x00000156   Code   RO         1639    i.HAL_CAN_AddTxMessage  stm32f4xx_hal_can.o
    0x08001b98   0x08001b98   0x00000124   Code   RO         1640    i.HAL_CAN_ConfigFilter  stm32f4xx_hal_can.o
    0x08001cbc   0x08001cbc   0x00000002   Code   RO         1643    i.HAL_CAN_ErrorCallback  stm32f4xx_hal_can.o
    0x08001cbe   0x08001cbe   0x0000017c   Code   RO         1646    i.HAL_CAN_GetRxMessage  stm32f4xx_hal_can.o
    0x08001e3a   0x08001e3a   0x0000024e   Code   RO         1650    i.HAL_CAN_IRQHandler  stm32f4xx_hal_can.o
    0x08002088   0x08002088   0x00000174   Code   RO         1651    i.HAL_CAN_Init      stm32f4xx_hal_can.o
    0x080021fc   0x080021fc   0x00000098   Code   RO         1131    i.HAL_CAN_MspInit   can.o
    0x08002294   0x08002294   0x00000002   Code   RO         1658    i.HAL_CAN_RxFifo0FullCallback  stm32f4xx_hal_can.o
    0x08002296   0x08002296   0x00000002   PAD
    0x08002298   0x08002298   0x00000254   Code   RO          556    i.HAL_CAN_RxFifo0MsgPendingCallback  task_cancomm.o
    0x080024ec   0x080024ec   0x00000002   Code   RO         1660    i.HAL_CAN_RxFifo1FullCallback  stm32f4xx_hal_can.o
    0x080024ee   0x080024ee   0x00000002   Code   RO         1661    i.HAL_CAN_RxFifo1MsgPendingCallback  stm32f4xx_hal_can.o
    0x080024f0   0x080024f0   0x00000002   Code   RO         1662    i.HAL_CAN_SleepCallback  stm32f4xx_hal_can.o
    0x080024f2   0x080024f2   0x0000005e   Code   RO         1663    i.HAL_CAN_Start     stm32f4xx_hal_can.o
    0x08002550   0x08002550   0x00000002   Code   RO         1665    i.HAL_CAN_TxMailbox0AbortCallback  stm32f4xx_hal_can.o
    0x08002552   0x08002552   0x00000002   Code   RO         1666    i.HAL_CAN_TxMailbox0CompleteCallback  stm32f4xx_hal_can.o
    0x08002554   0x08002554   0x00000002   Code   RO         1667    i.HAL_CAN_TxMailbox1AbortCallback  stm32f4xx_hal_can.o
    0x08002556   0x08002556   0x00000002   Code   RO         1668    i.HAL_CAN_TxMailbox1CompleteCallback  stm32f4xx_hal_can.o
    0x08002558   0x08002558   0x00000002   Code   RO         1669    i.HAL_CAN_TxMailbox2AbortCallback  stm32f4xx_hal_can.o
    0x0800255a   0x0800255a   0x00000002   Code   RO         1670    i.HAL_CAN_TxMailbox2CompleteCallback  stm32f4xx_hal_can.o
    0x0800255c   0x0800255c   0x00000002   Code   RO         1672    i.HAL_CAN_WakeUpFromRxMsgCallback  stm32f4xx_hal_can.o
    0x0800255e   0x0800255e   0x0000007c   Code   RO         2393    i.HAL_DMAEx_MultiBufferStart  stm32f4xx_hal_dma_ex.o
    0x080025da   0x080025da   0x00000028   Code   RO         2436    i.HAL_DMA_Abort_IT  stm32f4xx_hal_dma.o
    0x08002602   0x08002602   0x00000002   PAD
    0x08002604   0x08002604   0x00000240   Code   RO         2440    i.HAL_DMA_IRQHandler  stm32f4xx_hal_dma.o
    0x08002844   0x08002844   0x000000ec   Code   RO         2441    i.HAL_DMA_Init      stm32f4xx_hal_dma.o
    0x08002930   0x08002930   0x0000009e   Code   RO         2445    i.HAL_DMA_Start_IT  stm32f4xx_hal_dma.o
    0x080029ce   0x080029ce   0x00000002   PAD
    0x080029d0   0x080029d0   0x00000028   Code   RO         2877    i.HAL_Delay         stm32f4xx_hal.o
    0x080029f8   0x080029f8   0x0000021c   Code   RO         2328    i.HAL_GPIO_Init     stm32f4xx_hal_gpio.o
    0x08002c14   0x08002c14   0x00000012   Code   RO         2331    i.HAL_GPIO_TogglePin  stm32f4xx_hal_gpio.o
    0x08002c26   0x08002c26   0x0000000c   Code   RO         2332    i.HAL_GPIO_WritePin  stm32f4xx_hal_gpio.o
    0x08002c32   0x08002c32   0x00000002   PAD
    0x08002c34   0x08002c34   0x0000000c   Code   RO         2885    i.HAL_GetTick       stm32f4xx_hal.o
    0x08002c40   0x08002c40   0x00000018   Code   RO         2891    i.HAL_IncTick       stm32f4xx_hal.o
    0x08002c58   0x08002c58   0x0000003c   Code   RO         2892    i.HAL_Init          stm32f4xx_hal.o
    0x08002c94   0x08002c94   0x00000088   Code   RO         1327    i.HAL_InitTick      stm32f4xx_hal_timebase_tim.o
    0x08002d1c   0x08002d1c   0x00000054   Code   RO         1613    i.HAL_MspInit       stm32f4xx_hal_msp.o
    0x08002d70   0x08002d70   0x00000020   Code   RO         2735    i.HAL_NVIC_EnableIRQ  stm32f4xx_hal_cortex.o
    0x08002d90   0x08002d90   0x0000007c   Code   RO         2741    i.HAL_NVIC_SetPriority  stm32f4xx_hal_cortex.o
    0x08002e0c   0x08002e0c   0x00000028   Code   RO         2742    i.HAL_NVIC_SetPriorityGrouping  stm32f4xx_hal_cortex.o
    0x08002e34   0x08002e34   0x00000180   Code   RO         1872    i.HAL_RCC_ClockConfig  stm32f4xx_hal_rcc.o
    0x08002fb4   0x08002fb4   0x00000044   Code   RO         1876    i.HAL_RCC_GetClockConfig  stm32f4xx_hal_rcc.o
    0x08002ff8   0x08002ff8   0x0000000c   Code   RO         1877    i.HAL_RCC_GetHCLKFreq  stm32f4xx_hal_rcc.o
    0x08003004   0x08003004   0x00000020   Code   RO         1879    i.HAL_RCC_GetPCLK1Freq  stm32f4xx_hal_rcc.o
    0x08003024   0x08003024   0x00000020   Code   RO         1880    i.HAL_RCC_GetPCLK2Freq  stm32f4xx_hal_rcc.o
    0x08003044   0x08003044   0x000000b0   Code   RO         1881    i.HAL_RCC_GetSysClockFreq  stm32f4xx_hal_rcc.o
    0x080030f4   0x080030f4   0x00000448   Code   RO         1884    i.HAL_RCC_OscConfig  stm32f4xx_hal_rcc.o
    0x0800353c   0x0800353c   0x0000008c   Code   RO         3148    i.HAL_SPI_Init      stm32f4xx_hal_spi.o
    0x080035c8   0x080035c8   0x00000088   Code   RO         1259    i.HAL_SPI_MspInit   spi.o
    0x08003650   0x08003650   0x0000022a   Code   RO         3157    i.HAL_SPI_TransmitReceive  stm32f4xx_hal_spi.o
    0x0800387a   0x0800387a   0x00000002   Code   RO         4147    i.HAL_TIMEx_BreakCallback  stm32f4xx_hal_tim_ex.o
    0x0800387c   0x0800387c   0x00000002   Code   RO         4148    i.HAL_TIMEx_CommutCallback  stm32f4xx_hal_tim_ex.o
    0x0800387e   0x0800387e   0x00000074   Code   RO         4150    i.HAL_TIMEx_ConfigBreakDeadTime  stm32f4xx_hal_tim_ex.o
    0x080038f2   0x080038f2   0x00000054   Code   RO         4165    i.HAL_TIMEx_MasterConfigSynchronization  stm32f4xx_hal_tim_ex.o
    0x08003946   0x08003946   0x00000034   Code   RO         3461    i.HAL_TIM_Base_Init  stm32f4xx_hal_tim.o
    0x0800397a   0x0800397a   0x00000002   Code   RO         3463    i.HAL_TIM_Base_MspInit  stm32f4xx_hal_tim.o
    0x0800397c   0x0800397c   0x0000002a   Code   RO         3466    i.HAL_TIM_Base_Start_IT  stm32f4xx_hal_tim.o
    0x080039a6   0x080039a6   0x00000002   Code   RO         3490    i.HAL_TIM_IC_CaptureCallback  stm32f4xx_hal_tim.o
    0x080039a8   0x080039a8   0x00000196   Code   RO         3504    i.HAL_TIM_IRQHandler  stm32f4xx_hal_tim.o
    0x08003b3e   0x08003b3e   0x00000002   PAD
    0x08003b40   0x08003b40   0x000000ec   Code   RO         1366    i.HAL_TIM_MspPostInit  tim.o
    0x08003c2c   0x08003c2c   0x00000002   Code   RO         3507    i.HAL_TIM_OC_DelayElapsedCallback  stm32f4xx_hal_tim.o
    0x08003c2e   0x08003c2e   0x00000108   Code   RO         3528    i.HAL_TIM_PWM_ConfigChannel  stm32f4xx_hal_tim.o
    0x08003d36   0x08003d36   0x00000034   Code   RO         3531    i.HAL_TIM_PWM_Init  stm32f4xx_hal_tim.o
    0x08003d6a   0x08003d6a   0x00000002   PAD
    0x08003d6c   0x08003d6c   0x00000064   Code   RO         1368    i.HAL_TIM_PWM_MspInit  tim.o
    0x08003dd0   0x08003dd0   0x00000002   Code   RO         3534    i.HAL_TIM_PWM_PulseFinishedCallback  stm32f4xx_hal_tim.o
    0x08003dd2   0x08003dd2   0x00000002   PAD
    0x08003dd4   0x08003dd4   0x00000058   Code   RO         3536    i.HAL_TIM_PWM_Start  stm32f4xx_hal_tim.o
    0x08003e2c   0x08003e2c   0x00000012   Code   RO         1059    i.HAL_TIM_PeriodElapsedCallback  main.o
    0x08003e3e   0x08003e3e   0x00000002   Code   RO         3547    i.HAL_TIM_TriggerCallback  stm32f4xx_hal_tim.o
    0x08003e40   0x08003e40   0x00000002   Code   RO         4419    i.HAL_UART_ErrorCallback  stm32f4xx_hal_uart.o
    0x08003e42   0x08003e42   0x00000002   PAD
    0x08003e44   0x08003e44   0x0000014c   Code   RO         4422    i.HAL_UART_IRQHandler  stm32f4xx_hal_uart.o
    0x08003f90   0x08003f90   0x00000072   Code   RO         4423    i.HAL_UART_Init     stm32f4xx_hal_uart.o
    0x08004002   0x08004002   0x00000002   PAD
    0x08004004   0x08004004   0x0000040c   Code   RO         1421    i.HAL_UART_MspInit  usart.o
    0x08004410   0x08004410   0x00000002   Code   RO         4429    i.HAL_UART_RxCpltCallback  stm32f4xx_hal_uart.o
    0x08004412   0x08004412   0x000000d6   Code   RO         4431    i.HAL_UART_Transmit  stm32f4xx_hal_uart.o
    0x080044e8   0x080044e8   0x0000009c   Code   RO         4432    i.HAL_UART_Transmit_DMA  stm32f4xx_hal_uart.o
    0x08004584   0x08004584   0x00000002   Code   RO         4434    i.HAL_UART_TxCpltCallback  stm32f4xx_hal_uart.o
    0x08004586   0x08004586   0x00000002   Code   RO         4435    i.HAL_UART_TxHalfCpltCallback  stm32f4xx_hal_uart.o
    0x08004588   0x08004588   0x00000004   Code   RO         1494    i.HardFault_Handler  stm32f4xx_it.o
    0x0800458c   0x0800458c   0x00000074   Code   RO          814    i.InitPeripheral_UI  task_ui.o
    0x08004600   0x08004600   0x00000048   Code   RO         1132    i.MX_CAN1_Init      can.o
    0x08004648   0x08004648   0x00000098   Code   RO         1172    i.MX_DMA_Init       dma.o
    0x080046e0   0x080046e0   0x00000028   Code   RO         1196    i.MX_FREERTOS_Init  freertos.o
    0x08004708   0x08004708   0x000001a0   Code   RO         1106    i.MX_GPIO_Init      gpio.o
    0x080048a8   0x080048a8   0x00000044   Code   RO         1260    i.MX_SPI5_Init      spi.o
    0x080048ec   0x080048ec   0x000000d8   Code   RO         1369    i.MX_TIM1_Init      tim.o
    0x080049c4   0x080049c4   0x0000007c   Code   RO         1370    i.MX_TIM3_Init      tim.o
    0x08004a40   0x08004a40   0x00000038   Code   RO         1422    i.MX_UART7_Init     usart.o
    0x08004a78   0x08004a78   0x00000038   Code   RO         1423    i.MX_UART8_Init     usart.o
    0x08004ab0   0x08004ab0   0x0000003c   Code   RO         1424    i.MX_USART1_UART_Init  usart.o
    0x08004aec   0x08004aec   0x00000038   Code   RO         1425    i.MX_USART3_UART_Init  usart.o
    0x08004b24   0x08004b24   0x00000038   Code   RO         1426    i.MX_USART6_UART_Init  usart.o
    0x08004b5c   0x08004b5c   0x00000004   Code   RO         1495    i.MemManage_Handler  stm32f4xx_it.o
    0x08004b60   0x08004b60   0x000000c4   Code   RO          700    i.Motor_Blocked_Detect  task_shoot.o
    0x08004c24   0x08004c24   0x000000bc   Code   RO          944    i.Motor_CanSend_Gimbal  system.o
    0x08004ce0   0x08004ce0   0x000000f8   Code   RO          945    i.Motor_CanSend_Shoot  system.o
    0x08004dd8   0x08004dd8   0x00000002   Code   RO         1496    i.NMI_Handler       stm32f4xx_it.o
    0x08004dda   0x08004dda   0x00000002   PAD
    0x08004ddc   0x08004ddc   0x00000350   Code   RO          912    i.PID_Calculation   sys_def.o
    0x0800512c   0x0800512c   0x00000060   Code   RO          296    i.PositionInit      task_position.o
    0x0800518c   0x0800518c   0x000001d8   Code   RO          485    i.RC_Data_Update    task_rc.o
    0x08005364   0x08005364   0x0000004c   Code   RO          486    i.RC_InitConfig     task_rc.o
    0x080053b0   0x080053b0   0x000000f0   Code   RO          487    i.RC_UART_IRQHandler  task_rc.o
    0x080054a0   0x080054a0   0x00000074   Code   RO          371    i.RefereeReceive    task_judge.o
    0x08005514   0x08005514   0x00000066   Code   RO          372    i.Referee_IDLECallback  task_judge.o
    0x0800557a   0x0800557a   0x00000002   PAD
    0x0800557c   0x0800557c   0x000001f8   Code   RO          373    i.Referee_Receive_Data_Processing  task_judge.o
    0x08005774   0x08005774   0x00000028   Code   RO         3186    i.SPI_EndRxTxTransaction  stm32f4xx_hal_spi.o
    0x0800579c   0x0800579c   0x000000a8   Code   RO         3191    i.SPI_WaitFlagStateUntilTimeout  stm32f4xx_hal_spi.o
    0x08005844   0x08005844   0x000001b0   Code   RO          701    i.Shoot_Control     task_shoot.o
    0x080059f4   0x080059f4   0x000000bc   Code   RO          702    i.Shoot_GetInfo     task_shoot.o
    0x08005ab0   0x08005ab0   0x000002c8   Code   RO          703    i.Shoot_Init        task_shoot.o
    0x08005d78   0x08005d78   0x00000014   Code   RO          598    i.StatusMachine_Init  task_statemachine.o
    0x08005d8c   0x08005d8c   0x00000118   Code   RO          599    i.StatusMachine_Update  task_statemachine.o
    0x08005ea4   0x08005ea4   0x00000034   Code   RO         6131    i.SysTick_Handler   port.o
    0x08005ed8   0x08005ed8   0x000000b4   Code   RO         1060    i.SystemClock_Config  main.o
    0x08005f8c   0x08005f8c   0x00000064   Code   RO         4730    i.SystemInit        system_stm32f4xx.o
    0x08005ff0   0x08005ff0   0x00000010   Code   RO         1497    i.TIM2_IRQHandler   stm32f4xx_it.o
    0x08006000   0x08006000   0x00000002   Code   RO           15    i.TIMInit           task_init.o
    0x08006002   0x08006002   0x00000002   PAD
    0x08006004   0x08006004   0x000000d8   Code   RO         3549    i.TIM_Base_SetConfig  stm32f4xx_hal_tim.o
    0x080060dc   0x080060dc   0x00000022   Code   RO         3550    i.TIM_CCxChannelCmd  stm32f4xx_hal_tim.o
    0x080060fe   0x080060fe   0x00000002   PAD
    0x08006100   0x08006100   0x00000070   Code   RO         3562    i.TIM_OC1_SetConfig  stm32f4xx_hal_tim.o
    0x08006170   0x08006170   0x0000007c   Code   RO         3563    i.TIM_OC2_SetConfig  stm32f4xx_hal_tim.o
    0x080061ec   0x080061ec   0x00000078   Code   RO         3564    i.TIM_OC3_SetConfig  stm32f4xx_hal_tim.o
    0x08006264   0x08006264   0x00000054   Code   RO         3565    i.TIM_OC4_SetConfig  stm32f4xx_hal_tim.o
    0x080062b8   0x080062b8   0x00000044   Code   RO          557    i.Task_CanComm      task_cancomm.o
    0x080062fc   0x080062fc   0x00000068   Code   RO          782    i.Task_Debug        task_debug.o
    0x08006364   0x08006364   0x0000002c   Code   RO          645    i.Task_Gimbal       task_gimbal.o
    0x08006390   0x08006390   0x00000254   Code   RO           16    i.Task_Init_Config  task_init.o
    0x080065e4   0x080065e4   0x0000000e   Code   RO          453    i.Task_JetsonComm   task_jetsoncomm.o
    0x080065f2   0x080065f2   0x0000000e   Code   RO          374    i.Task_Judge        task_judge.o
    0x08006600   0x08006600   0x00000130   Code   RO          754    i.Task_LED          task_led.o
    0x08006730   0x08006730   0x0000004c   Code   RO          297    i.Task_Position     task_position.o
    0x0800677c   0x0800677c   0x00000060   Code   RO          259    i.Task_Protect      task_protect.o
    0x080067dc   0x080067dc   0x00000028   Code   RO          488    i.Task_RC           task_rc.o
    0x08006804   0x08006804   0x00000044   Code   RO          704    i.Task_Shoot        task_shoot.o
    0x08006848   0x08006848   0x00000016   Code   RO          600    i.Task_StateMachine  task_statemachine.o
    0x0800685e   0x0800685e   0x0000001e   Code   RO          815    i.Task_Ui           task_ui.o
    0x0800687c   0x0800687c   0x00000010   Code   RO         1498    i.UART7_IRQHandler  stm32f4xx_it.o
    0x0800688c   0x0800688c   0x00000014   Code   RO         1499    i.UART8_IRQHandler  stm32f4xx_it.o
    0x080068a0   0x080068a0   0x00000014   Code   RO         4436    i.UART_DMAAbortOnError  stm32f4xx_hal_uart.o
    0x080068b4   0x080068b4   0x00000050   Code   RO         4437    i.UART_DMAError     stm32f4xx_hal_uart.o
    0x08006904   0x08006904   0x00000036   Code   RO         4442    i.UART_DMATransmitCplt  stm32f4xx_hal_uart.o
    0x0800693a   0x0800693a   0x0000000e   Code   RO         4444    i.UART_DMATxHalfCplt  stm32f4xx_hal_uart.o
    0x08006948   0x08006948   0x00000020   Code   RO         4446    i.UART_EndRxTransfer  stm32f4xx_hal_uart.o
    0x08006968   0x08006968   0x00000020   Code   RO         4447    i.UART_EndTransmit_IT  stm32f4xx_hal_uart.o
    0x08006988   0x08006988   0x00000014   Code   RO         4448    i.UART_EndTxTransfer  stm32f4xx_hal_uart.o
    0x0800699c   0x0800699c   0x000000a6   Code   RO         4449    i.UART_Receive_IT   stm32f4xx_hal_uart.o
    0x08006a42   0x08006a42   0x00000002   PAD
    0x08006a44   0x08006a44   0x00000368   Code   RO         4450    i.UART_SetConfig    stm32f4xx_hal_uart.o
    0x08006dac   0x08006dac   0x00000068   Code   RO         4451    i.UART_Transmit_IT  stm32f4xx_hal_uart.o
    0x08006e14   0x08006e14   0x0000006c   Code   RO         4452    i.UART_WaitOnFlagUntilTimeout  stm32f4xx_hal_uart.o
    0x08006e80   0x08006e80   0x00000014   Code   RO         1500    i.USART1_IRQHandler  stm32f4xx_it.o
    0x08006e94   0x08006e94   0x00000014   Code   RO         1501    i.USART3_IRQHandler  stm32f4xx_it.o
    0x08006ea8   0x08006ea8   0x00000010   Code   RO         1502    i.USART6_IRQHandler  stm32f4xx_it.o
    0x08006eb8   0x08006eb8   0x00000100   Code   RO          298    i.Uart_Config_In_IRQHandle  task_position.o
    0x08006fb8   0x08006fb8   0x00000004   Code   RO         1503    i.UsageFault_Handler  stm32f4xx_it.o
    0x08006fbc   0x08006fbc   0x00000040   Code   RO          375    i.Verify_CRC16_Check_Sum  task_judge.o
    0x08006ffc   0x08006ffc   0x0000002e   Code   RO          376    i.Verify_CRC8_Check_Sum  task_judge.o
    0x0800702a   0x0800702a   0x00000002   PAD
    0x0800702c   0x0800702c   0x0000002c   Code   RO          816    i.WhichTeam         task_ui.o
    0x08007058   0x08007058   0x00000030   Code   RO         6712    i.__ARM_fpclassify  m_wm.l(fpclassify.o)
    0x08007088   0x08007088   0x00000010   Code   RO         2748    i.__NVIC_GetPriorityGrouping  stm32f4xx_hal_cortex.o
    0x08007098   0x08007098   0x00000028   Code   RO         2749    i.__NVIC_SetPriority  stm32f4xx_hal_cortex.o
    0x080070c0   0x080070c0   0x00000360   Code   RO         6344    i.__hardfp_asin     m_wm.l(asin.o)
    0x08007420   0x08007420   0x000002d8   Code   RO         6684    i.__hardfp_atan     m_wm.l(atan.o)
    0x080076f8   0x080076f8   0x000001f0   Code   RO         6358    i.__hardfp_atan2    m_wm.l(atan2.o)
    0x080078e8   0x080078e8   0x00000014   Code   RO         6370    i.__hardfp_fabs     m_wm.l(fabs.o)
    0x080078fc   0x080078fc   0x0000007a   Code   RO         6376    i.__hardfp_sqrt     m_wm.l(sqrt.o)
    0x08007976   0x08007976   0x000000f8   Code   RO         6714    i.__kernel_poly     m_wm.l(poly.o)
    0x08007a6e   0x08007a6e   0x00000014   Code   RO         6699    i.__mathlib_dbl_infnan  m_wm.l(dunder.o)
    0x08007a82   0x08007a82   0x00000014   Code   RO         6700    i.__mathlib_dbl_infnan2  m_wm.l(dunder.o)
    0x08007a96   0x08007a96   0x00000002   PAD
    0x08007a98   0x08007a98   0x00000020   Code   RO         6701    i.__mathlib_dbl_invalid  m_wm.l(dunder.o)
    0x08007ab8   0x08007ab8   0x00000020   Code   RO         6704    i.__mathlib_dbl_underflow  m_wm.l(dunder.o)
    0x08007ad8   0x08007ad8   0x0000000e   Code   RO         6764    i.__scatterload_copy  mc_w.l(handlers.o)
    0x08007ae6   0x08007ae6   0x00000002   Code   RO         6765    i.__scatterload_null  mc_w.l(handlers.o)
    0x08007ae8   0x08007ae8   0x0000000e   Code   RO         6766    i.__scatterload_zeroinit  mc_w.l(handlers.o)
    0x08007af6   0x08007af6   0x00000002   PAD
    0x08007af8   0x08007af8   0x0000000c   Code   RO         6744    i.__set_errno       mc_w.l(errno.o)
    0x08007b04   0x08007b04   0x00000010   Code   RO         6686    i.atan              m_wm.l(atan.o)
    0x08007b14   0x08007b14   0x00000028   Code   RO          817    i.check_empty_graphic  task_ui.o
    0x08007b3c   0x08007b3c   0x00000002   Code   RO         1198    i.configureTimerForRunTimeStats  freertos.o
    0x08007b3e   0x08007b3e   0x00000040   Code   RO          558    i.delta_angle       task_cancomm.o
    0x08007b7e   0x08007b7e   0x00000002   PAD
    0x08007b80   0x08007b80   0x0000016c   Code   RO          818    i.draw_line         task_ui.o
    0x08007cec   0x08007cec   0x0000016c   Code   RO          819    i.draw_rect         task_ui.o
    0x08007e58   0x08007e58   0x00000018   Code   RO         6372    i.fabs              m_wm.l(fabs.o)
    0x08007e70   0x08007e70   0x00000004   Code   RO         1199    i.getRunTimeCounterValue  freertos.o
    0x08007e74   0x08007e74   0x0000076c   Code   RO         6210    i.imu_ahrs_update   func_imu_ob.o
    0x080085e0   0x080085e0   0x00000218   Code   RO         6211    i.imu_attitude_update  func_imu_ob.o
    0x080087f8   0x080087f8   0x00000054   Code   RO         6212    i.imu_temp_ctrl     func_imu_ob.o
    0x0800884c   0x0800884c   0x000002c4   Code   RO         6213    i.init_quaternion   func_imu_ob.o
    0x08008b10   0x08008b10   0x0000003c   Code   RO         6214    i.inv_sqrt          func_imu_ob.o
    0x08008b4c   0x08008b4c   0x00000010   Code   RO         6215    i.ist8310_get_data  func_imu_ob.o
    0x08008b5c   0x08008b5c   0x00000100   Code   RO         6216    i.ist8310_init      func_imu_ob.o
    0x08008c5c   0x08008c5c   0x0000003a   Code   RO         6217    i.ist_reg_read_by_mpu  func_imu_ob.o
    0x08008c96   0x08008c96   0x00000040   Code   RO         6218    i.ist_reg_write_by_mpu  func_imu_ob.o
    0x08008cd6   0x08008cd6   0x00000002   PAD
    0x08008cd8   0x08008cd8   0x00000034   Code   RO          820    i.load_chars        task_ui.o
    0x08008d0c   0x08008d0c   0x00000040   Code   RO         1061    i.main              main.o
    0x08008d4c   0x08008d4c   0x0000000e   Code   RO         5690    i.makeFreeRtosPriority  cmsis_os.o
    0x08008d5a   0x08008d5a   0x00000002   PAD
    0x08008d5c   0x08008d5c   0x0000006c   Code   RO         6219    i.mpu_device_init   func_imu_ob.o
    0x08008dc8   0x08008dc8   0x00000180   Code   RO         6220    i.mpu_get_data      func_imu_ob.o
    0x08008f48   0x08008f48   0x0000008c   Code   RO         6221    i.mpu_master_i2c_auto_read_config  func_imu_ob.o
    0x08008fd4   0x08008fd4   0x00000138   Code   RO         6222    i.mpu_offset_call   func_imu_ob.o
    0x0800910c   0x0800910c   0x00000054   Code   RO         6223    i.mpu_read_byte     func_imu_ob.o
    0x08009160   0x08009160   0x00000064   Code   RO         6224    i.mpu_read_bytes    func_imu_ob.o
    0x080091c4   0x080091c4   0x00000010   Code   RO         6225    i.mpu_set_accel_fsr  func_imu_ob.o
    0x080091d4   0x080091d4   0x00000010   Code   RO         6226    i.mpu_set_gyro_fsr  func_imu_ob.o
    0x080091e4   0x080091e4   0x00000058   Code   RO         6227    i.mpu_write_byte    func_imu_ob.o
    0x0800923c   0x0800923c   0x0000000a   Code   RO         5695    i.osKernelStart     cmsis_os.o
    0x08009246   0x08009246   0x0000005e   Code   RO         5729    i.osThreadCreate    cmsis_os.o
    0x080092a4   0x080092a4   0x00000098   Code   RO         5293    i.prvAddCurrentTaskToDelayedList  tasks.o
    0x0800933c   0x0800933c   0x000000b8   Code   RO         5294    i.prvAddNewTaskToReadyList  tasks.o
    0x080093f4   0x080093f4   0x00000048   Code   RO         5295    i.prvCheckTasksWaitingTermination  tasks.o
    0x0800943c   0x0800943c   0x0000002a   Code   RO         4919    i.prvCopyDataFromQueue  queue.o
    0x08009466   0x08009466   0x0000007c   Code   RO         4920    i.prvCopyDataToQueue  queue.o
    0x080094e2   0x080094e2   0x00000050   Code   RO         5296    i.prvDeleteTCB      tasks.o
    0x08009532   0x08009532   0x00000002   PAD
    0x08009534   0x08009534   0x0000007c   Code   RO         6069    i.prvHeapInit       heap_4.o
    0x080095b0   0x080095b0   0x00000008   Code   RO         5297    i.prvIdleTask       tasks.o
    0x080095b8   0x080095b8   0x0000002a   Code   RO         4923    i.prvInitialiseNewQueue  queue.o
    0x080095e2   0x080095e2   0x000000b6   Code   RO         5298    i.prvInitialiseNewTask  tasks.o
    0x08009698   0x08009698   0x00000068   Code   RO         5299    i.prvInitialiseTaskLists  tasks.o
    0x08009700   0x08009700   0x00000068   Code   RO         6070    i.prvInsertBlockIntoFreeList  heap_4.o
    0x08009768   0x08009768   0x0000001a   Code   RO         4924    i.prvIsQueueEmpty   queue.o
    0x08009782   0x08009782   0x0000001e   Code   RO         4925    i.prvIsQueueFull    queue.o
    0x080097a0   0x080097a0   0x00000034   Code   RO         5301    i.prvResetNextTaskUnblockTime  tasks.o
    0x080097d4   0x080097d4   0x00000040   Code   RO         6132    i.prvTaskExitError  port.o
    0x08009814   0x08009814   0x0000007e   Code   RO         4926    i.prvUnlockQueue    queue.o
    0x08009892   0x08009892   0x00000002   PAD
    0x08009894   0x08009894   0x0000013c   Code   RO         6071    i.pvPortMalloc      heap_4.o
    0x080099d0   0x080099d0   0x0000002c   Code   RO         6133    i.pxPortInitialiseStack  port.o
    0x080099fc   0x080099fc   0x00000108   Code   RO          821    i.send_graphic      task_ui.o
    0x08009b04   0x08009b04   0x0000006e   Code   RO         6378    i.sqrt              m_wm.l(sqrt.o)
    0x08009b72   0x08009b72   0x00000002   PAD
    0x08009b74   0x08009b74   0x00000074   Code   RO         5307    i.ulTaskNotifyTake  tasks.o
    0x08009be8   0x08009be8   0x00000028   Code   RO         4879    i.uxListRemove      list.o
    0x08009c10   0x08009c10   0x00000018   Code   RO         1200    i.vApplicationGetIdleTaskMemory  freertos.o
    0x08009c28   0x08009c28   0x0000001a   Code   RO         4880    i.vListInitialise   list.o
    0x08009c42   0x08009c42   0x00000006   Code   RO         4881    i.vListInitialiseItem  list.o
    0x08009c48   0x08009c48   0x00000034   Code   RO         4882    i.vListInsert       list.o
    0x08009c7c   0x08009c7c   0x00000018   Code   RO         4883    i.vListInsertEnd    list.o
    0x08009c94   0x08009c94   0x00000054   Code   RO         6135    i.vPortEnterCritical  port.o
    0x08009ce8   0x08009ce8   0x0000003c   Code   RO         6136    i.vPortExitCritical  port.o
    0x08009d24   0x08009d24   0x00000094   Code   RO         6072    i.vPortFree         heap_4.o
    0x08009db8   0x08009db8   0x00000028   Code   RO         6137    i.vPortSetupTimerInterrupt  port.o
    0x08009de0   0x08009de0   0x00000078   Code   RO         6138    i.vPortValidateInterruptPriority  port.o
    0x08009e58   0x08009e58   0x000000d4   Code   RO         5316    i.vTaskDelayUntil   tasks.o
    0x08009f2c   0x08009f2c   0x000000f4   Code   RO         5317    i.vTaskDelete       tasks.o
    0x0800a020   0x0800a020   0x00000018   Code   RO         5321    i.vTaskInternalSetTimeOutState  tasks.o
    0x0800a038   0x0800a038   0x0000000c   Code   RO         5323    i.vTaskMissedYield  tasks.o
    0x0800a044   0x0800a044   0x000000f0   Code   RO         5324    i.vTaskNotifyGiveFromISR  tasks.o
    0x0800a134   0x0800a134   0x00000038   Code   RO         5325    i.vTaskPlaceOnEventList  tasks.o
    0x0800a16c   0x0800a16c   0x000000b4   Code   RO         5333    i.vTaskStartScheduler  tasks.o
    0x0800a220   0x0800a220   0x00000010   Code   RO         5335    i.vTaskSuspendAll   tasks.o
    0x0800a230   0x0800a230   0x000000c8   Code   RO         5336    i.vTaskSwitchContext  tasks.o
    0x0800a2f8   0x0800a2f8   0x00000168   Code   RO          822    i.write_chars       task_ui.o
    0x0800a460   0x0800a460   0x00000168   Code   RO         6139    i.xPortStartScheduler  port.o
    0x0800a5c8   0x0800a5c8   0x0000005e   Code   RO         4940    i.xQueueGenericCreate  queue.o
    0x0800a626   0x0800a626   0x00000002   PAD
    0x0800a628   0x0800a628   0x00000098   Code   RO         4942    i.xQueueGenericReset  queue.o
    0x0800a6c0   0x0800a6c0   0x000001a8   Code   RO         4943    i.xQueueGenericSend  queue.o
    0x0800a868   0x0800a868   0x00000168   Code   RO         4950    i.xQueueReceive     queue.o
    0x0800a9d0   0x0800a9d0   0x0000008c   Code   RO         5337    i.xTaskCheckForTimeOut  tasks.o
    0x0800aa5c   0x0800aa5c   0x00000064   Code   RO         5338    i.xTaskCreate       tasks.o
    0x0800aac0   0x0800aac0   0x000000b8   Code   RO         5339    i.xTaskCreateStatic  tasks.o
    0x0800ab78   0x0800ab78   0x00000104   Code   RO         5340    i.xTaskGenericNotify  tasks.o
    0x0800ac7c   0x0800ac7c   0x00000020   Code   RO         5344    i.xTaskGetSchedulerState  tasks.o
    0x0800ac9c   0x0800ac9c   0x0000000c   Code   RO         5345    i.xTaskGetTickCount  tasks.o
    0x0800aca8   0x0800aca8   0x00000148   Code   RO         5347    i.xTaskIncrementTick  tasks.o
    0x0800adf0   0x0800adf0   0x000000c8   Code   RO         5350    i.xTaskPriorityDisinherit  tasks.o
    0x0800aeb8   0x0800aeb8   0x00000098   Code   RO         5352    i.xTaskRemoveFromEventList  tasks.o
    0x0800af50   0x0800af50   0x00000104   Code   RO         5353    i.xTaskResumeAll    tasks.o
    0x0800b054   0x0800b054   0x00000302   Data   RO          378    .constdata          task_judge.o
    0x0800b356   0x0800b356   0x00000002   PAD
    0x0800b358   0x0800b358   0x0000001c   Data   RO         1202    .constdata          freertos.o
    0x0800b374   0x0800b374   0x00000008   Data   RO         2447    .constdata          stm32f4xx_hal_dma.o
    0x0800b37c   0x0800b37c   0x00000018   Data   RO         4731    .constdata          system_stm32f4xx.o
    0x0800b394   0x0800b394   0x00000014   Data   RO         6229    .constdata          func_imu_ob.o
    0x0800b3a8   0x0800b3a8   0x00000050   Data   RO         6347    .constdata          m_wm.l(asin.o)
    0x0800b3f8   0x0800b3f8   0x00000098   Data   RO         6687    .constdata          m_wm.l(atan.o)
    0x0800b490   0x0800b490   0x00000008   Data   RO         6716    .constdata          m_wm.l(qnan.o)
    0x0800b498   0x0800b498   0x0000000a   Data   RO         1203    .conststring        freertos.o
    0x0800b4a2   0x0800b4a2   0x00000002   PAD
    0x0800b4a4   0x0800b4a4   0x00000020   Data   RO         6762    Region$$Table       anon$$obj.o


    Execution Region RW_IRAM1 (Exec base: 0x20000000, Load base: 0x0800b4c4, Size: 0x00006630, Max: 0x00030000, ABSOLUTE, COMPRESSED[0x0000002c])

    Exec Addr    Load Addr    Size         Type   Attr      Idx    E Section Name        Object

    0x20000000   COMPRESSED   0x00000030   Data   RW           17    .data               task_init.o
    0x20000030   COMPRESSED   0x00000005   Data   RW          260    .data               task_protect.o
    0x20000035   COMPRESSED   0x00000003   PAD
    0x20000038   COMPRESSED   0x00000009   Data   RW          300    .data               task_position.o
    0x20000041   COMPRESSED   0x00000003   PAD
    0x20000044   COMPRESSED   0x00000030   Data   RW          379    .data               task_judge.o
    0x20000074   COMPRESSED   0x00000001   Data   RW          489    .data               task_rc.o
    0x20000075   COMPRESSED   0x00000002   Data   RW          601    .data               task_statemachine.o
    0x20000077   COMPRESSED   0x00000001   PAD
    0x20000078   COMPRESSED   0x00000015   Data   RW          646    .data               task_gimbal.o
    0x2000008d   COMPRESSED   0x00000001   PAD
    0x2000008e   COMPRESSED   0x00000006   Data   RW          705    .data               task_shoot.o
    0x20000094   COMPRESSED   0x00000001   Data   RW          755    .data               task_led.o
    0x20000095   COMPRESSED   0x00000004   Data   RW          783    .data               task_debug.o
    0x20000099   COMPRESSED   0x00000003   PAD
    0x2000009c   COMPRESSED   0x00000012   Data   RW          824    .data               task_ui.o
    0x200000ae   COMPRESSED   0x00000002   PAD
    0x200000b0   COMPRESSED   0x0000002a   Data   RW          914    .data               sys_def.o
    0x200000da   COMPRESSED   0x00000002   PAD
    0x200000dc   COMPRESSED   0x00000004   Data   RW          958    .data               system.o
    0x200000e0   COMPRESSED   0x00000004   Data   RW         1204    .data               freertos.o
    0x200000e4   COMPRESSED   0x00000009   Data   RW         2899    .data               stm32f4xx_hal.o
    0x200000ed   COMPRESSED   0x00000003   PAD
    0x200000f0   COMPRESSED   0x00000004   Data   RW         4732    .data               system_stm32f4xx.o
    0x200000f4   COMPRESSED   0x00000044   Data   RW         5356    .data               tasks.o
    0x20000138   COMPRESSED   0x00000018   Data   RW         6077    .data               heap_4.o
    0x20000150   COMPRESSED   0x0000000c   Data   RW         6140    .data               port.o
    0x2000015c   COMPRESSED   0x00000099   Data   RW         6230    .data               func_imu_ob.o
    0x200001f5   COMPRESSED   0x00000003   PAD
    0x200001f8   COMPRESSED   0x00000004   Data   RW         6745    .data               mc_w.l(errno.o)
    0x200001fc        -       0x00000052   Zero   RW          377    .bss                task_judge.o
    0x2000024e   COMPRESSED   0x00000002   PAD
    0x20000250        -       0x00000040   Zero   RW          559    .bss                task_cancomm.o
    0x20000290        -       0x00000116   Zero   RW          823    .bss                task_ui.o
    0x200003a6   COMPRESSED   0x00000002   PAD
    0x200003a8        -       0x00000694   Zero   RW          913    .bss                sys_def.o
    0x20000a3c        -       0x00000028   Zero   RW         1133    .bss                can.o
    0x20000a64        -       0x00000270   Zero   RW         1201    .bss                freertos.o
    0x20000cd4        -       0x00000058   Zero   RW         1261    .bss                spi.o
    0x20000d2c        -       0x00000040   Zero   RW         1330    .bss                stm32f4xx_hal_timebase_tim.o
    0x20000d6c        -       0x00000080   Zero   RW         1371    .bss                tim.o
    0x20000dec        -       0x00000320   Zero   RW         1427    .bss                usart.o
    0x2000110c        -       0x000000f0   Zero   RW         5355    .bss                tasks.o
    0x200011fc        -       0x00005000   Zero   RW         6076    .bss                heap_4.o
    0x200061fc        -       0x0000002e   Zero   RW         6228    .bss                func_imu_ob.o
    0x2000622a   COMPRESSED   0x00000006   PAD
    0x20006230        -       0x00000400   Zero   RW            1    STACK               startup_stm32f427xx.o


==============================================================================

Image component sizes


      Code (inc. data)   RO Data    RW Data    ZI Data      Debug   Object Name

       224         24          0          0         40       1625   can.o
       118          0          0          0          0      21397   cmsis_os.o
       152          6          0          0          0        810   dma.o
         0          0          0          0          0      17928   event_groups.o
        70         20         38          4        624       2894   freertos.o
      4930        394         20        153         46      14196   func_imu_ob.o
       416         22          0          0          0       1151   gpio.o
       692         62          0         24      20480       7315   heap_4.o
       148          0          0          0          0       3562   list.o
       264         10          0          0          0      15668   main.o
      1014         92          0         12          0      12005   port.o
      1420         14          0          0          0      11015   queue.o
       204         20          0          0         88       1617   spi.o
        36          8        428          0       1024        832   startup_stm32f427xx.o
       136         24          0          9          0       3866   stm32f4xx_hal.o
      2136          6          0          0          0      14263   stm32f4xx_hal_can.o
       252         22          0          0          0      33670   stm32f4xx_hal_cortex.o
      1276         16          8          0          0       6182   stm32f4xx_hal_dma.o
       156          0          0          0          0       2057   stm32f4xx_hal_dma_ex.o
       570         54          0          0          0       2937   stm32f4xx_hal_gpio.o
        84          6          0          0          0        830   stm32f4xx_hal_msp.o
      1800         94          0          0          0       6161   stm32f4xx_hal_rcc.o
       902          0          0          0          0       4397   stm32f4xx_hal_spi.o
      1604         90          0          0          0      12237   stm32f4xx_hal_tim.o
       204          0          0          0          0       3253   stm32f4xx_hal_tim_ex.o
       136         12          0          0         64       1439   stm32f4xx_hal_timebase_tim.o
      2326         26          0          0          0      13461   stm32f4xx_hal_uart.o
       224         66          0          0          0       8613   stm32f4xx_it.o
         0          0          0          0          0        408   stream_buffer.o
       848          6          0         42       1684       6164   sys_def.o
       436         12          0          4          0       2253   system.o
       100         18         24          4          0       1143   system_stm32f4xx.o
       728         62          0          0         64       2627   task_cancomm.o
       104         18          0          4          0       1473   task_debug.o
      1648        148          0         21          0       3549   task_gimbal.o
       922        306          0         48          0     782118   task_init.o
        14          0          0          0          0        530   task_jetsoncomm.o
      1018        118        770         48         82      12986   task_judge.o
       304         26          0          1          0        711   task_led.o
       676         70          0          9          0       3254   task_position.o
        96         14          0          5          0        659   task_protect.o
      1070         62          0          1          0       5149   task_rc.o
      1596        140          0          6          0       3805   task_shoot.o
       322         24          0          2          0       2313   task_statemachine.o
      2810        222          0         18        278      11322   task_ui.o
      3802        442          0         68        240      28224   tasks.o
       676         54          0          0        128       3196   tim.o
      1320        120          0          0        800       4736   usart.o

    ----------------------------------------------------------------------
     40032       2950       1324        504      25652    1102001   Object Totals
         0          0         32          0          0          0   (incl. Generated)
        48          0          4         21         10          0   (incl. Padding)

    ----------------------------------------------------------------------

      Code (inc. data)   RO Data    RW Data    ZI Data      Debug   Library Member Name

       864         94         80          0          0        280   asin.o
       744        106        152          0          0        352   atan.o
       496         64          0          0          0        192   atan2.o
       104         16          0          0          0        496   dunder.o
        44          0          0          0          0        248   fabs.o
        48          0          0          0          0        124   fpclassify.o
       248          0          0          0          0        152   poly.o
         0          0          8          0          0          0   qnan.o
       232          0          0          0          0        296   sqrt.o
        58          0          0          0          0          0   __dczerorl.o
         0          0          0          0          0          0   entry.o
         0          0          0          0          0          0   entry10a.o
         0          0          0          0          0          0   entry11a.o
         8          4          0          0          0          0   entry2.o
         4          0          0          0          0          0   entry5.o
         0          0          0          0          0          0   entry7b.o
         0          0          0          0          0          0   entry8b.o
         8          4          0          0          0          0   entry9a.o
        12          6          0          4          0         68   errno.o
        30          0          0          0          0          0   handlers.o
        36          8          0          0          0         68   init.o
         0          0          0          0          0          0   iusefp.o
        30          0          0          0          0         68   llshl.o
        36          0          0          0          0         68   llsshr.o
        32          0          0          0          0         68   llushr.o
        36          0          0          0          0         68   memcpya.o
        36          0          0          0          0        108   memseta.o
        98          0          0          0          0         92   uldiv.o
        48          0          0          0          0         68   cdcmple.o
        48          0          0          0          0         68   cdrcmple.o
        56          0          0          0          0         88   d2f.o
       334          0          0          0          0        148   dadd.o
       222          0          0          0          0        100   ddiv.o
       186          0          0          0          0        176   depilogue.o
        34          0          0          0          0         76   dflti.o
       228          0          0          0          0         96   dmul.o
       162          0          0          0          0        100   dsqrt.o
        38          0          0          0          0         68   f2d.o
       110          0          0          0          0        168   fepilogue.o

    ----------------------------------------------------------------------
      4680        302        240          4          0       3904   Library Totals
        10          0          0          0          0          0   (incl. Padding)

    ----------------------------------------------------------------------

      Code (inc. data)   RO Data    RW Data    ZI Data      Debug   Library Name

      2780        280        240          0          0       2140   m_wm.l
       424         22          0          4          0        608   mc_w.l
      1466          0          0          0          0       1156   mf_w.l

    ----------------------------------------------------------------------
      4680        302        240          4          0       3904   Library Totals

    ----------------------------------------------------------------------

==============================================================================


      Code (inc. data)   RO Data    RW Data    ZI Data      Debug   

     44712       3252       1564        508      25652    1077657   Grand Totals
     44712       3252       1564         44      25652    1077657   ELF Image Totals (compressed)
     44712       3252       1564         44          0          0   ROM Totals

==============================================================================

    Total RO  Size (Code + RO Data)                46276 (  45.19kB)
    Total RW  Size (RW Data + ZI Data)             26160 (  25.55kB)
    Total ROM Size (Code + RO Data + RW Data)      46320 (  45.23kB)

==============================================================================

